------------------------------------------------------------------------------------------------------------------------
      name:  <unnamed>
       log:  D:\partisan-gaps\scripts\Stata\logs/partisan-gaps.txt
  log type:  text
 opened on:  21 Nov 2022, 12:16:41

. 
. version 13              // Still on version 13 :(

. 
. global figsavedir `rootdir'/figs

. global tabsavedir `rootdir'/tabs

. adopath ++ ./ado                // Add path to ados
  [1]              "./ado"
  [2]  (BASE)      "C:\Program Files (x86)\Stata13\ado\base/"
  [3]  (SITE)      "C:\Program Files (x86)\Stata13\ado\site/"
  [4]              "."
  [5]  (PERSONAL)  "c:\ado\personal/"
  [6]  (PLUS)      "c:\ado\plus/"
  [7]  (OLDPLACE)  "c:\ado/"

. 
. *** Setup dependencies
. txt2macro stata-requirements.txt

. setup "`r(mymacro)'"
Installing ssc packages, please wait...
sssssss
. * -----------------------------------------------------------------------------
. tictoc tic
------------------------------------------------------------------------------------------------------------------------
----------- Time log -----------
Start time: 21 Nov 2022 12:16:41
------------------------------------------------------------------------------------------------------------------------

. 
. *~~~~~~~~~~~~~~~~~~~~~~~~~~~~~~~~~~~~~~~~~~~~~~~~~~~~~~~~~~~~~~~~~~~~~~~~~~~~~~
. // * MTurk results (Study 1)
. *~~~~~~~~~~~~~~~~~~~~~~~~~~~~~~~~~~~~~~~~~~~~~~~~~~~~~~~~~~~~~~~~~~~~~~~~~~~~~~
. **** Basic prep of data
. import delimited `rootdir'/data/turk/mturk-recoded.csv
(344 vars, 1253 obs)

. do ./mturk/preamble.do

. global items    birth religion illegal death increase science fraud mmr deficit

. global arms             RW IPS FSR 14k 24k

. global demo     age i.female i.educ i.hisla $races

. 
. rename v1 id

. label var id "Participant ID"

. 
. rename avg avg_str

. destring avg_str, gen(avg) force
avg_str contains nonnumeric characters; avg generated as double
(2 missing values generated)

. 
. *------------------------------------------------------------------------------
. *** Response for the 9 items
. label define itemResponseLabel 1 "Correct" 0 "Incorrect"

. 
. foreach var of varlist $items {
  2.         tempvar _`var'
  3.         gen `_`var'' = `var'
  4.         drop `var'
  5.         gen `var' = (`_`var''=="TRUE") if (`_`var''!="NA")
  6.         label variable `var' "=1 if response is congenial to party for `var' item"
  7.         label values `var' itemResponseLabel
  8. }
(24 missing values generated)
(35 missing values generated)
(113 missing values generated)
(115 missing values generated)
(18 missing values generated)
(12 missing values generated)
(18 missing values generated)
(31 missing values generated)
(82 missing values generated)

. 
. replace deficit = 1 - deficit
(1171 real changes made)

. 
. *------------------------------------------------------------------------------
. *** pid
. rename pid pid_str

. drop if pid_str =="Something else"
(46 observations deleted)

. 
. label define pidLabel 1 "Democrat" 2 "Independent" 3 "Republican"

. encode pid_str, gen(pid) label(pidLabel)

. 
. fvset base 2 pid // permanently set Independent as base

. 
. gen rep = (pid_str=="Republican") if !missing(pid_str)

. 
. *------------------------------------------------------------------------------
. *** Demo
. rename gender gender_str

. label define genderLabel 0 "Male" 1 "Female"

. encode gender_str, gen(female) label(genderLabel)

. 
. foreach demo in educ hisla race {
  2.         rename `demo' `demo'_str
  3.         encode `demo'_str, gen(`demo')
  4. }

. 
. gen asian = strmatch(race_str, "Asian*")

. gen black = strmatch(race_str, "Black*")

. gen white = strmatch(race_str, "White*")

. gen others = strmatch(race_str, "Other*")

. global races asian black white others

. 
. *------------------------------------------------------------------------------
. *** Survey types
. encode question_type, gen(survey)

. fvset base 4 survey // permanently set IPS (IDA) as base

. 
end of do-file

. 
. **** Figure for raw partisan gaps by items, by survey type (Fig 1)
. do ./mturk/fig-partisan-gap.do

. grstyle init

. grstyle set plain, 

. 
. eststo clear

. foreach item of varlist $items avg {
  2.         foreach arm in $arms {
  3.                 qui: reg `item' ib1.pid if (pid_str!="Independent") & (question_type=="`arm'"), vce(hc3)
  4.                 est store `item'_`arm'          
  5.                 * Store estimates for average of conditions for annotations later
.                 if "`item'"=="avg" {
  6.                         local beta_`arm' = round(_b[3.pid], 0.01)
  7.                         dis `beta_`arm''
  8.                 }
  9.         }
 10. }
.38
.35
.21
.22
.1

. 
. /* In order that should appear
> IDA = IPS
> CUD = RW
> FSR = FSR
> IMC = 14k
> CCD = 24k
> */
. 
. 
. coefplot (*_IPS) || (*_RW) || (*_FSR) || (*_14k) || (*_24k), ///
>         msymbol(s) ///
>         keep(3.pid) ///
>         asequation /// "set equation to model name or string" make the rows the models
>         swapnames /// "swap coefficient names and equation names"
>         subtitle("") /// Remove subtitles for now
>         byopts(row(1)) /// Force results to be in one row (1xn)
>         xline(0, lcolor(gs10) lpattern(dash) lwidth(medium)) ///
>         xlabel(-.3(.3).6) ///
>         xscale(range(-.2 .53)) ///
>         plotregion(margin(zero) ) ///   
>         plotregion(lcolor(black) margin(zero) lwidth(medthin)) /// draw box around columns
>         graphregion(margin(zero)) ///
>         ytick(none) /// remove horizontal grids
>         yscale(noline alt)  /// swap labels to RHS
>         eqrename( ///
>                 birth_RW = "{bf:Obama birthplace}" ///
>                 birth_IPS = "{bf:Obama birthplace}" ///
>                 birth_FSR = "{bf:Obama birthplace}" ///
>                 birth_14k = "{bf:Obama birthplace}" ///
>                 birth_24k = "{bf:Obama birthplace}" ///
>                 birth_all = "{bf:Obama birthplace}" ///
>                 religion_RW = "{bf:Obama religion}" ///                                                               
>                                     " ///
>                 religion_IPS = "{bf:Obama religion}" ///
>                 religion_FSR = "{bf:Obama religion}" ///
>                 religion_14k = "{bf:Obama religion}" ///
>                 religion_24k = "{bf:Obama religion}" ///
>                 religion_all = "{bf:Obama religion}" ///
>                 illegal_RW = "{bf:ACA illegal}" ///
>                 illegal_IPS = "{bf:ACA illegal}" ///
>                 illegal_FSR = "{bf:ACA illegal}" ///
>                 illegal_14k = "{bf:ACA illegal}" ///
>                 illegal_24k = "{bf:ACA illegal}" ///
>                 illegal_all = "{bf:ACA illegal}" ///
>                 death_RW = "{bf:ACA death panels}" ///
>                 death_IPS = "{bf:ACA death panels}" ///
>                 death_FSR = "{bf:ACA death panels}" ///
>                 death_14k = "{bf:ACA death panels}" ///
>                 death_24k = "{bf:ACA death panels}" ///
>                 death_all = "{bf:ACA death panels}" ///
>                 increase_RW = "{bf:GW causes}" ///
>                 increase_IPS = "{bf:GW causes}" ///
>                 increase_FSR = "{bf:GW causes}" ///
>                 increase_14k = "{bf:GW causes}" ///
>                 increase_24k = "{bf:GW causes}" ///
>                 increase_all = "{bf:GW causes}" ///
>                 science_RW = "{bf:GW scientists agree}" ///
>                 science_IPS = "{bf:GW scientists agree}" ///
>                 science_FSR = "{bf:GW scientists agree}" ///
>                 science_14k = "{bf:GW scientists agree}" ///
>                 science_24k = "{bf:GW scientists agree}" ///
>                 science_all = "{bf:GW scientists agree}" ///
>                 fraud_RW = "{bf:Voter fraud}" ///
>                 fraud_IPS = "{bf:Voter fraud}" ///
>                 fraud_FSR = "{bf:Voter fraud}" ///
>                 fraud_14k = "{bf:Voter fraud}" ///
>                 fraud_24k = "{bf:Voter fraud}" ///
>                 fraud_all = "{bf:Voter fraud}" ///
>                 mmr_RW = "{bf:MMR vaccine}" ///
>                 mmr_IPS = "{bf:MMR vaccine}" ///
>                 mmr_FSR = "{bf:MMR vaccine}" ///
>                 mmr_14k = "{bf:MMR vaccine}" ///
>                 mmr_24k = "{bf:MMR vaccine}" ///
>                 mmr_all = "{bf:MMR vaccine}" ///
>                 deficit_RW = "{bf:Budget deficit}" ///
>                 deficit_IPS = "{bf:Budget deficit}" ///
>                 deficit_FSR = "{bf:Budget deficit}" ///
>                 deficit_14k = "{bf:Budget deficit}" ///
>                 deficit_24k = "{bf:Budget deficit}" ///
>                 deficit_all = "{bf:Budget deficit}" ///         
>                 avg_RW = "{bf:Average}" ///                                                             
>                 avg_IPS = "{bf:Average}" ///                                                            
>                 avg_FSR = "{bf:Average}" ///                                                            
>                 avg_14k = "{bf:Average}" ///                                                            
>                 avg_24k = "{bf:Average}" ///                                                            
>                 avg_all = "{bf:Average}" ///                                                            
>                 avg_IPS_annote = "{bf:Average}" ///                                                             
>                 avg_24k_annote = "{bf:Average}" ///                                                             
>                 )

. 
. 
. * Add column titles     
. addplot 1: , title("{bf:IDA}", size(med)) norescaling
(note:  named style med not found in class gsize, default attributes used)

. addplot 2: , title("{bf:CUD}") norescaling

. addplot 3: , title("{bf:FSR}") norescaling

. addplot 4: , title("{bf:IMC}") norescaling

. addplot 5: , title("{bf:CCD}") norescaling

. 
. * graph margin
. gr_edit .style.editstyle margin(left) editcopy 

. * plot margin
. gr_edit .plotregion1.style.editstyle margin(left) editcopy

. * Remove ylabel ticks
. gr_edit .plotregion1.yaxis1[5].style.editstyle majorstyle(tickstyle(show_ticks(no))) editcopy

. * Shift labels to left
. gr_edit .plotregion1.move yaxis1[5] leftof 9 1

. 
. * reset margins back to zero to flush with new col of labels
. gr_edit .style.editstyle margin(zero) editcopy 

. gr_edit .plotregion1.style.editstyle margin(zero) editcopy

. 
. * Add annotes
. local y_heigh_coord = 9.748674339250291

. local annote_style angle(default) size(small) color(black) horizontal(left) vertical(middle) margin(zero) linegap(zero
> ) drawbox(no) boxmargin(zero) fillcolor(bluishgray) linestyle( width(thin) color(black) pattern(solid)) box_alignment(
> east) editcopy

. 
. gr_edit .plotregion1.plotregion1[1].AddTextBox added_text editor `y_heigh_coord' `beta_IPS'

. gr_edit .plotregion1.plotregion1[1].added_text[1].style.editstyle `annote_style'

. gr_edit .plotregion1.plotregion1[1].added_text[1].style.editstyle box_alignment(center) editcopy

. gr_edit .plotregion1.plotregion1[1].added_text[1].text.Arrpush `beta_IPS'

. 
. gr_edit .plotregion1.plotregion1[2].AddTextBox added_text editor `y_heigh_coord' `beta_RW'

. gr_edit .plotregion1.plotregion1[2].added_text[1].style.editstyle `annote_style'

. gr_edit .plotregion1.plotregion1[2].added_text[1].style.editstyle box_alignment(center) editcopy

. gr_edit .plotregion1.plotregion1[2].added_text[1].text.Arrpush `beta_RW'

. 
. gr_edit .plotregion1.plotregion1[3].AddTextBox added_text editor `y_heigh_coord' `beta_FSR'

. gr_edit .plotregion1.plotregion1[3].added_text[1].style.editstyle `annote_style'

. gr_edit .plotregion1.plotregion1[3].added_text[1].style.editstyle box_alignment(center) editcopy

. gr_edit .plotregion1.plotregion1[3].added_text[1].text.Arrpush `beta_FSR'

. 
. gr_edit .plotregion1.plotregion1[4].AddTextBox added_text editor `y_heigh_coord' `beta_14k'

. gr_edit .plotregion1.plotregion1[4].added_text[1].style.editstyle `annote_style'

. gr_edit .plotregion1.plotregion1[4].added_text[1].style.editstyle box_alignment(center) editcopy

. gr_edit .plotregion1.plotregion1[4].added_text[1].text.Arrpush `beta_14k'

. 
. gr_edit .plotregion1.plotregion1[5].AddTextBox added_text editor `y_heigh_coord' `beta_24k'

. gr_edit .plotregion1.plotregion1[5].added_text[1].style.editstyle `annote_style'

. gr_edit .plotregion1.plotregion1[5].added_text[1].style.editstyle box_alignment(center) editcopy

. gr_edit .plotregion1.plotregion1[5].added_text[1].text.Arrpush `beta_24k'

. 
. graph export "$figsavedir/partisan-gap-by-item-arm.pdf", replace        
(file D:/partisan-gaps/figs/partisan-gap-by-item-arm.pdf written in PDF format)

. 
. 
. * sort(, descending) /// sort by coeff size (by first column) 
> *       transform(* = min(max(@,-.25),.5)) /// truncate CI, 1st num is lower bound, 2nd num is upper bound

end of do-file

. 
. *** Balance tests (IPS/IDA as base) [will replace Fig SI 1.1]
. do ./mturk/study2-balance-tests.do // store estimates only

. center age interest_1 vote_1 pid_strength_1, standardize inplace
(modified variables: age interest_1 vote_1 pid_strength_1)

. qui tabulate educ, gen(d_educ)

. local listofxvar female age hisla d_educ2 d_educ5 d_educ1 d_educ4 asian black white interest_1 vote_1 pid_strength_1

. 
. local conditions RW FSR 14k 24k

. foreach condition in `conditions' {
  2.         preserve
  3.         * Retain only IPS (as base condition) and one of the other four (conditions)
.         qui drop if (question_type!="`condition'") & (question_type!="IPS")
  4.         gen tarm = (question_type=="`condition'")       
  5. 
.         * Prep filepath to save to
.         local filepath "storespecs-baltest-`condition'-ips"
  6.         cap erase `filepath'.dta
  7. 
.         * Do balance test for each xvar and save to filepath
.         eststo clear 
  8.         local i = 1
  9.         foreach xvar of varlist `listofxvar' {  
 10.                 _dots `i++' 0
 11.                 qui reg tarm `xvar', vce(hc3) 
 12.                 qui storespecs `xvar', spec(`xvar') file(`filepath')
 13.         }
 14.         restore // to full data before dropping three conditions
 15. }
....................................................
. 
. 
end of do-file

. 
. **** Reg results for effect of party & survey type on response (Tab 2 + Fig 2)
. do ./mturk/reg-table.do

. 
. * Reshape from wide to long to stack participant-item observations
. foreach item of varlist $items {
  2.         rename `item' item`item'
  3. }

. reshape long item, i(id) j(item_type, string)
(note: j = birth death deficit fraud illegal increase mmr religion science)

Data                               wide   ->   long
-----------------------------------------------------------------------------
Number of obs.                     1207   ->   10863
Number of variables                 411   ->     404
j variable (9 values)                     ->   item_type
xij variables:
    itembirth itemdeath ... itemscience   ->   item
-----------------------------------------------------------------------------

. 
. drop if pid_str=="Independent"
(3708 observations deleted)

. 
. 
. local spec1 i.rep

. local spec2 i.survey

. local spec3 i.rep##i.survey

. local spec4 `spec1' $demo

. local spec5 `spec2' $demo

. local spec6 `spec3' $demo

. 
. eststo clear

. forvalues i = 1/6 {
  2. eststo: qui reghdfe item `spec`i'', absorb(item_type) vce(cluster id)
  3.         estadd local items 9
  4.         estadd local Nrespondents = e(N_clust1)
  5.         local nobs: display %9.0fc `e(N)'
  6.         estadd local itemFE "\multicolumn{1}{c}{Yes}"
  7.         estadd local nobs "`nobs'"
  8.         if `i' > 3 {
  9.                 estadd local demo "\multicolumn{1}{c}{Yes}"
 10.         }
 11.         else {
 12.                 estadd local demo "\multicolumn{1}{c}{.}"       
 13.         }
 14. }
(est1 stored)

added macro:
              e(items) : "9"

added macro:
       e(Nrespondents) : "794"

added macro:
             e(itemFE) : "\multicolumn{1}{c}{Yes}"

added macro:
               e(nobs) : "    6,893"

added macro:
               e(demo) : "\multicolumn{1}{c}{.}"
(est2 stored)

added macro:
              e(items) : "9"

added macro:
       e(Nrespondents) : "794"

added macro:
             e(itemFE) : "\multicolumn{1}{c}{Yes}"

added macro:
               e(nobs) : "    6,893"

added macro:
               e(demo) : "\multicolumn{1}{c}{.}"
(est3 stored)

added macro:
              e(items) : "9"

added macro:
       e(Nrespondents) : "794"

added macro:
             e(itemFE) : "\multicolumn{1}{c}{Yes}"

added macro:
               e(nobs) : "    6,893"

added macro:
               e(demo) : "\multicolumn{1}{c}{.}"
(est4 stored)

added macro:
              e(items) : "9"

added macro:
       e(Nrespondents) : "793"

added macro:
             e(itemFE) : "\multicolumn{1}{c}{Yes}"

added macro:
               e(nobs) : "    6,884"

added macro:
               e(demo) : "\multicolumn{1}{c}{Yes}"
(est5 stored)

added macro:
              e(items) : "9"

added macro:
       e(Nrespondents) : "793"

added macro:
             e(itemFE) : "\multicolumn{1}{c}{Yes}"

added macro:
               e(nobs) : "    6,884"

added macro:
               e(demo) : "\multicolumn{1}{c}{Yes}"
(est6 stored)

added macro:
              e(items) : "9"

added macro:
       e(Nrespondents) : "793"

added macro:
             e(itemFE) : "\multicolumn{1}{c}{Yes}"

added macro:
               e(nobs) : "    6,884"

added macro:
               e(demo) : "\multicolumn{1}{c}{Yes}"

. 
. 
. #delimit;
delimiter now ;
. esttab,
>         b(%9.3fc)
>         se(%9.3fc)
>         varwidth(20)
>         modelwidth(8)   
>         star (+ 0.1 * 0.05 ** 0.01 *** 0.001)
>         keep(1.rep *.survey _cons)
>         obslast
>         label
>         nobase  
>         noobs
>         nomtitle
>         coeflabel(1.rep "Republican=1"
>                           5.survey "CUD"
>                           3.survey "FSR"
>                           1.survey "IMC"
>                           2.survey "CCD"
>                       1.rep#5.survey "Republican=1 $\times$ CUD"
>                       1.rep#3.survey "Republican=1 $\times$ FSR"                
>                       1.rep#1.survey "Republican=1 $\times$ IMC"
>                       1.rep#2.survey "Republican=1 $\times$ CCD"
>                       // 1.rep#4.survey "Republican=1 $\times$ IPS"
>                 )
>         order(1.rep 5.survey 3.survey 1.survey 2.survey 1.rep#5.survey 1.rep#3.survey 1.rep#1.survey 1.rep#2.survey)
>         scalar(
>                 "r2 R$^2$" 
>                 "itemFE Survey item FE"
>                 "demo Demographic controls"
>                 "items Items"
>                 "Nrespondents Respondents"
>                 "nobs Respondent-items"
>                 ) 
>         title("Dep. var. is 1(response is congenial)")
> ;

Dep. var. is 1(response is congenial)
--------------------------------------------------------------------------------------------
                          (1)         (2)         (3)         (4)         (5)         (6)   
--------------------------------------------------------------------------------------------
Republican=1            0.256***                0.351***    0.258***                0.353***
                      (0.016)                 (0.035)     (0.016)                 (0.034)   

CUD                                 0.010       0.000                   0.014       0.005   
                                  (0.028)     (0.022)                 (0.028)     (0.021)   

FSR                                -0.064**     0.000                  -0.062*      0.001   
                                  (0.024)     (0.019)                 (0.024)     (0.019)   

IMC                                -0.080**    -0.023                  -0.079**    -0.021   
                                  (0.025)     (0.019)                 (0.025)     (0.019)   

CCD                                -0.155***   -0.064***               -0.153***   -0.061***
                                  (0.022)     (0.015)                 (0.022)     (0.015)   

Republican=1 $\tim~D                            0.024                               0.021   
                                              (0.046)                             (0.045)   

Republican=1 $\tim~R                           -0.173***                           -0.165***
                                              (0.046)                             (0.045)   

Republican=1 $\tim~C                           -0.132**                            -0.136** 
                                              (0.048)                             (0.048)   

Republican=1 $\tim~D                           -0.241***                           -0.245***
                                              (0.046)                             (0.045)   

Constant                0.165***    0.304***    0.182***    0.144***    0.299***    0.162***
                      (0.006)     (0.020)     (0.014)     (0.011)     (0.023)     (0.015)   
--------------------------------------------------------------------------------------------
R$^2$                   0.329       0.270       0.354       0.335       0.277       0.361   
Survey item FE       \multicolumn{1}{c}{Yes}    \multicolumn{1}{c}{Yes}    \multicolumn{1}{c}{Yes}    \multicolumn{1}{c}
> {Yes}    \multicolumn{1}{c}{Yes}    \multicolumn{1}{c}{Yes}   
Demographic controls \multicolumn{1}{c}{.}    \multicolumn{1}{c}{.}    \multicolumn{1}{c}{.}    \multicolumn{1}{c}{Yes} 
>    \multicolumn{1}{c}{Yes}    \multicolumn{1}{c}{Yes}   
Items                       9           9           9           9           9           9   
Respondents               794         794         794         793         793         793   
Respondent-items         6,893        6,893        6,893        6,884        6,884        6,884   
--------------------------------------------------------------------------------------------
Standard errors in parentheses
+ p<0.1, * p<0.05, ** p<0.01, *** p<0.001

.         esttab using $tabsavedir/mturk-reg-table-fragment.tex, 
>         b(%9.3fc)
>         se(%9.3fc)
>         varwidth(20)
>         modelwidth(8)   
>         star (+ 0.1 * 0.05 ** 0.01 *** 0.001)
>         keep(1.rep *.survey _cons)
>         obslast
>         label
>         nobase  
>         noobs
>         nomtitle
>         coeflabel(1.rep "Republican=1"
>                           5.survey "CUD"
>                           3.survey "FSR"
>                           1.survey "IMC"
>                           2.survey "CCD"
>                       1.rep#5.survey "Republican=1 $\times$ CUD"
>                       1.rep#3.survey "Republican=1 $\times$ FSR"                
>                       1.rep#1.survey "Republican=1 $\times$ IMC"
>                       1.rep#2.survey "Republican=1 $\times$ CCD"
>                       // 1.rep#4.survey "Republican=1 $\times$ IPS"
>                 )
>         order(1.rep 5.survey 3.survey 1.survey 2.survey 1.rep#5.survey 1.rep#3.survey 1.rep#1.survey 1.rep#2.survey)
> 
>         scalar(
>                 "r2 R$^2$" 
>                 "itemFE Survey item FE"
>                 "demo Demographic controls"
>                 "items Items"
>                 "Nrespondents Respondents"
>                 "nobs Respondent-items"
>                 ) 
>         alignment(D{.}{.}{-1})
>         substitute(\_ _)
>         fragment booktabs replace        
>         ;
(output written to D:/partisan-gaps/tabs/mturk-reg-table-fragment.tex)

. #delimit cr     
delimiter now cr
. 
end of do-file

. do ./mturk/barplot.do

. local rootdir D:/partisan-gaps // for my convenience to set project root dir, comment out to avoid conflict

. cd `rootdir'
D:\partisan-gaps

. cd scripts/Stata
D:\partisan-gaps\scripts\Stata

. **** Basic prep of data
. import delimited `rootdir'/data/turk/mturk-recoded.csv, clear
(344 vars, 1253 obs)

. do ./mturk/preamble.do

. global items    birth religion illegal death increase science fraud mmr deficit

. global arms             RW IPS FSR 14k 24k

. global demo     age i.female i.educ i.hisla $races

. 
. rename v1 id

. label var id "Participant ID"

. 
. rename avg avg_str

. destring avg_str, gen(avg) force
avg_str contains nonnumeric characters; avg generated as double
(2 missing values generated)

. 
. *------------------------------------------------------------------------------
. *** Response for the 9 items
. label define itemResponseLabel 1 "Correct" 0 "Incorrect"

. 
. foreach var of varlist $items {
  2.         tempvar _`var'
  3.         gen `_`var'' = `var'
  4.         drop `var'
  5.         gen `var' = (`_`var''=="TRUE") if (`_`var''!="NA")
  6.         label variable `var' "=1 if response is congenial to party for `var' item"
  7.         label values `var' itemResponseLabel
  8. }
(24 missing values generated)
(35 missing values generated)
(113 missing values generated)
(115 missing values generated)
(18 missing values generated)
(12 missing values generated)
(18 missing values generated)
(31 missing values generated)
(82 missing values generated)

. 
. replace deficit = 1 - deficit
(1171 real changes made)

. 
. *------------------------------------------------------------------------------
. *** pid
. rename pid pid_str

. drop if pid_str =="Something else"
(46 observations deleted)

. 
. label define pidLabel 1 "Democrat" 2 "Independent" 3 "Republican"

. encode pid_str, gen(pid) label(pidLabel)

. 
. fvset base 2 pid // permanently set Independent as base

. 
. gen rep = (pid_str=="Republican") if !missing(pid_str)

. 
. *------------------------------------------------------------------------------
. *** Demo
. rename gender gender_str

. label define genderLabel 0 "Male" 1 "Female"

. encode gender_str, gen(female) label(genderLabel)

. 
. foreach demo in educ hisla race {
  2.         rename `demo' `demo'_str
  3.         encode `demo'_str, gen(`demo')
  4. }

. 
. gen asian = strmatch(race_str, "Asian*")

. gen black = strmatch(race_str, "Black*")

. gen white = strmatch(race_str, "White*")

. gen others = strmatch(race_str, "Other*")

. global races asian black white others

. 
. *------------------------------------------------------------------------------
. *** Survey types
. encode question_type, gen(survey)

. fvset base 4 survey // permanently set IPS (IDA) as base

. 
end of do-file

. 
. * Reshape from wide to long to stack participant-item observations
. foreach item of varlist $items {
  2.         rename `item' item`item'
  3. }

. reshape long item, i(id) j(item_type, string)
(note: j = birth death deficit fraud illegal increase mmr religion science)

Data                               wide   ->   long
-----------------------------------------------------------------------------
Number of obs.                     1207   ->   10863
Number of variables                 356   ->     349
j variable (9 values)                     ->   item_type
xij variables:
    itembirth itemdeath ... itemscience   ->   item
-----------------------------------------------------------------------------

. 
. drop if pid_str=="Independent"
(3708 observations deleted)

. 
. eststo: qui reghdfe item i.rep##i.survey $demo, absorb(item_type) vce(cluster id)
(est7 stored)

. 
. mat coefmat = e(b)

. mat list coefmat

coefmat[1,32]
            0b.          1.          1.          2.          3.         4b.          5.     0b.rep#     0b.rep#
           rep         rep      survey      survey      survey      survey      survey   1o.survey   2o.survey
y1           0   .36075449  -.01900472  -.06022729  -.00014082           0   .00360187           0           0

        0b.rep#     0b.rep#     0b.rep#      1.rep#      1.rep#      1.rep#     1o.rep#      1.rep#            
     3o.survey   4b.survey   5o.survey    1.survey    2.survey    3.survey   4b.survey    5.survey         age
y1           0           0           0  -.13421861  -.24369371  -.16528204           0   .02275678  -.00028675

            0b.          1.         1b.          2.          3.          4.          5.         1b.          2.
        female      female        educ        educ        educ        educ        educ       hisla       hisla
y1           0   .01730912           0    .0243345   .24794014   -.0294332   .02978312           0   .00281798

                                                               
         asian       black       white      others       _cons
y1  -.07846987  -.03329282  -.09986147  -.06673277   .81832221

. local baseline = coefmat[1, 2] /* 1.rep */

. 
. // preserve
. regsave

. drop if var=="_cons"
(1 observation deleted)

. drop if strpos(var, "0b.rep")
(6 observations deleted)

. drop if var=="1.survey"
(1 observation deleted)

. drop if var=="2.survey"
(1 observation deleted)

. drop if var=="3.survey"
(1 observation deleted)

. drop if var=="4b.survey"
(1 observation deleted)

. drop if var=="5.survey"
(1 observation deleted)

. drop if var=="1o.rep#4b.survey"
(1 observation deleted)

. drop if strpos(var, "female")
(2 observations deleted)

. drop if strpos(var, "educ")
(5 observations deleted)

. drop if strpos(var, "hisla")
(2 observations deleted)

. drop if var=="age"
(1 observation deleted)

. drop if var=="asian"
(1 observation deleted)

. drop if var=="black"
(1 observation deleted)

. drop if var=="white"
(1 observation deleted)

. drop if var=="others"
(1 observation deleted)

. * Gen coef for plotting (add estimates back to baseline)
. gen est = coef

. label var est "Original reg estimate (before adding back to baseline)"

. replace coef = `baseline' + coef if var!="1.rep"
(4 real changes made)

. 
. * Construct CI
. gen uci = coef + 1.96 * stderr

. gen lci = coef - 1.96 * stderr

. replace uci = 0 if var=="_cons"
(0 real changes made)

. replace lci = 0 if var=="_cons"
(0 real changes made)

. 
. 
. * Create plot order var by treat dummies and label values with sample size
. /* In order that should appear
> IDA = IPS _n == 1
> CUD = RW 1 _n==5
> FSR = FSR 4 _n==3
> IMC = 14k 2 _n==2
> CCD = 24k 3 _n==3
> */
. 
. gen porder = .
(5 missing values generated)

. replace porder = 1 if _n==1
(1 real change made)

. replace porder = 4 if _n==2 
(1 real change made)

. replace porder = 5 if _n==3
(1 real change made)

. replace porder = 3 if _n==4
(1 real change made)

. replace porder = 2 if _n==5
(1 real change made)

. sort porder

. 
. label define xlab 1 "IDA" 2 "CUD" 3 "FSR" 4 "IMC" 5 "CCD"

. label values porder xlab

. 
. 
. *~~~~~~~~~~~~~~~~~~~~~~~~~~~~~~~~~~~~~~~~~~~~~~~~~~~~~~~~~~~~~~~~~~~~~~~~~~~~~~~
. * Graph settings
. set scheme s2mono

. local YLAB_OPTS angle(horizontal) labsize(large) nogrid

. local YRANGE 0.1(0.1).4

. local BASELINE_XLIM = _N+.5

. local CI_WIDTH thick

. local XLAB_SIZE large

. local BAR_OPTS          color(gs10) fcolor(none) lwidth(medthick)

. local BAR_OPTS_BASE color(black) fcolor(none) lwidth(medthick)

. 
. local graphsavedir ./figures

. *~~~~~~~~~~~~~~~~~~~~~~~~~~~~~~~~~~~~~~~~~~~~~~~~~~~~~~~~~~~~~~~~~~~~~~~~~~~~~~~
. 
. #delimit;
delimiter now ;
.         twoway  
>                         (bar coef porder if porder==1, `BAR_OPTS_BASE') 
>                         (bar coef porder if porder==2, `BAR_OPTS') 
>                         (bar coef porder if porder==3, `BAR_OPTS') 
>                         (bar coef porder if porder==4, `BAR_OPTS') 
>                         (bar coef porder if porder==5, `BAR_OPTS'
>                                 xlabel(,val labsize(`XLAB_SIZE') )
>                         ) 
>                         (rcap uci lci porder if porder!=1, 
>                                 color(gs7)
>                                 lwidth(`CI_WIDTH')
>                                 legend(off)
>                                 ylabel(`YRANGE', `YLAB_OPTS' ) 
>                                 xlabel(, notick)
>                                 xscale(noextend lcolor(none))
>                                 graphregion(color(white) lc(white) lw(medium) margin(0 0 0 0)) 
>                                 bgcolor(white)
>                                 plotregion(margin(12 12 0 0))
>                         )               
>                         (scatteri `baseline' .5 `baseline' `BASELINE_XLIM', 
>                                 xlabel(1 2 3 4 5)
>                                 recast(line) color(black) lpattern(dash)
>                         )
>                 ;

.         #delimit cr     
delimiter now cr
. graph export $figsavedir/mturk-pgag-surveyarms.pdf, replace     
(file D:/partisan-gaps/figs/mturk-pgag-surveyarms.pdf written in PDF format)

. 
end of do-file

. 
. 
. *~~~~~~~~~~~~~~~~~~~~~~~~~~~~~~~~~~~~~~~~~~~~~~~~~~~~~~~~~~~~~~~~~~~~~~~~~~~~~~
. * YouGov results (Study 2)
. *~~~~~~~~~~~~~~~~~~~~~~~~~~~~~~~~~~~~~~~~~~~~~~~~~~~~~~~~~~~~~~~~~~~~~~~~~~~~~~
. **** Basic prep of data
. import delimited D:/partisan-gaps/data/survey_exp/selex.csv, clear
(262 vars, 2500 obs)

. do ./survey-exp/preamble.do

. **** Basic prep of data
. import delimited D:/partisan-gaps/data/survey_exp/selex.csv, clear
(262 vars, 2500 obs)

. 
. gen rep = (pid2=="Republican")

. gen dem = (pid2=="Democrat")

. gen ind = (pid3=="Independent")

. encode pid3, gen(partisanship)

. 
. /* Unemployment (qpk7)
> Unemployment rate since the 2010 midterm elections ...
> 
> Count Code Label
> ----- ---- -----
> 690 1 Gone Up
> 675 2 Remained the same
> 847 3 Gone Down
> 242 4 Can't Say
> 46 8 Skipped
> 0 9 Not Asked
> */
. gen unempup = (qpk7=="Gone Up") 

. label var unempup "Responded that unempployment has gone up"

. 
. /* Unemployment (qpk7)
> Budget deficit since the 2010 midterm elections ...
> 
> Count Code Label
> ----- ---- -----
> 1576 1 Gone Up
> 441 2 Remained the same
> 160 3 Gone Down
> 284 4 Can't Say
> 39 8 Skipped
> 0 9 Not Asked
> */
. gen deficitup = (qpk8=="Gone Up")

. label var deficitup "Responded that budget deficit has gone up"

. 
. 
. /* Partisan cue (qpk7_insert)
> when Democrats retained control of  the Senate
> when Republicans regained control of the US Cong
> */
. gen repcue = (strpos(qpk7_insert, "Rep")>0)

. label var repcue "=1 if Republican cue"

. 
. 
. /* Demographics*/
. global demoX birthyr i.gender i.white i.educ i.marstat i.employ newsint i.faminc

. 
. rename gender gender_str

. encode gender_str, gen(gender)

. 
. encode race, gen(white)

. 
. rename educ educ_str

. encode educ_str, gen(educ)

. 
. rename marstat marstat_str

. encode marstat_str, gen(marstat)

. 
. rename employ employ_str

. encode employ_str, gen(employ)

. 
. rename faminc faminc_str

. encode faminc_str, gen(faminc)

. 
. 
. /* Congenial cues 
> Cue is congenial when the cue makes a partisan more likely to get the correct response (unemp went up)
> This is when:
>         * a R sees a D cue
>         * a D sees a R cue
> */
. gen congenialcue = (rep==1 & repcue==0) | (dem==1 & repcue==1)

. gen uncongenialcue = (rep==1 & repcue==1) | (dem==1 & repcue==0)

. 
end of do-file

. drop if ind==1
(396 observations deleted)

. 
. **** Reg table for effect of party & survey type on response
. do ./survey-exp/reg-table.do

. eststo clear

. eststo: qui reg unempup i.congenialcue, vce(hc3)
(est1 stored)

.         local nobs: display %9.0fc `e(N)'

.         estadd local nobs "\multicolumn{1}{c}{`nobs'}"

added macro:
               e(nobs) : "\multicolumn{1}{c}{    2,104}"

.         estadd local demotab "\multicolumn{1}{c}{.}"

added macro:
            e(demotab) : "\multicolumn{1}{c}{.}"

. 
. eststo: qui reg unempup i.congenialcue##i.rep, vce(hc3)
(est2 stored)

.         local nobs: display %9.0fc `e(N)'

.         estadd local nobs "\multicolumn{1}{c}{`nobs'}"

added macro:
               e(nobs) : "\multicolumn{1}{c}{    2,104}"

.         estadd local demotab "\multicolumn{1}{c}{.}"

added macro:
            e(demotab) : "\multicolumn{1}{c}{.}"

. 
. eststo: qui reg unempup i.congenialcue##i.rep $demoX, vce(hc3)
(est3 stored)

.         local nobs: display %9.0fc `e(N)'

.         estadd local nobs "\multicolumn{1}{c}{`nobs'}"

added macro:
               e(nobs) : "\multicolumn{1}{c}{    2,066}"

.         estadd local demotab "\multicolumn{1}{c}{Yes}"

added macro:
            e(demotab) : "\multicolumn{1}{c}{Yes}"

.         estadd local demo "Yes"

added macro:
               e(demo) : "Yes"

. 
. eststo: qui reg deficitup i.congenialcue, vce(hc3)
(est4 stored)

.         local nobs: display %9.0fc `e(N)'

.         estadd local nobs "\multicolumn{1}{c}{`nobs'}"

added macro:
               e(nobs) : "\multicolumn{1}{c}{    2,104}"

.         estadd local demotab "\multicolumn{1}{c}{.}"

added macro:
            e(demotab) : "\multicolumn{1}{c}{.}"

. 
. eststo: qui reg deficitup i.congenialcue##i.rep, vce(hc3)
(est5 stored)

.         local nobs: display %9.0fc `e(N)'

.         estadd local nobs "\multicolumn{1}{c}{`nobs'}"

added macro:
               e(nobs) : "\multicolumn{1}{c}{    2,104}"

.         estadd local demotab "\multicolumn{1}{c}{.}"

added macro:
            e(demotab) : "\multicolumn{1}{c}{.}"

. 
. eststo: qui reg deficitup i.congenialcue##i.rep $demoX, vce(hc3)
(est6 stored)

.         local nobs: display %9.0fc `e(N)'

.         estadd local nobs "\multicolumn{1}{c}{`nobs'}"

added macro:
               e(nobs) : "\multicolumn{1}{c}{    2,066}"

.         estadd local demotab "\multicolumn{1}{c}{Yes}"

added macro:
            e(demotab) : "\multicolumn{1}{c}{Yes}"

.         estadd local demo "Yes" 

added macro:
               e(demo) : "Yes"

. 
. #delimit;
delimiter now ;
. esttab,
>         b(%9.3fc)
>         se(%9.3fc)
>         varwidth(30)
>         modelwidth(8)   
>         star (+ 0.1 * 0.05 ** 0.01 *** 0.001)
>         keep(1.congenialcue 1.rep 1.congenialcue#1.rep _cons)
>         obslast
>         label
>         nobase  
>         nomtitle
>         coeflabel(1.congenialcue "Congenial"
>                           1.rep "Republican"
>                       1.congenialcue#1.rep "Congenial x Republican"             
>                 )
>         scalar(
>                 "demo Demographic controls"
>                 "r2 R-square" 
>                 ) 
>         // title("Dep. var. is 1(response is congenial)")
> ;

------------------------------------------------------------------------------------------------------
                                    (1)         (2)         (3)         (4)         (5)         (6)   
------------------------------------------------------------------------------------------------------
Congenial                         0.144***    0.111***    0.112***    0.178***    0.182***    0.190***
                                (0.019)     (0.025)     (0.026)     (0.021)     (0.030)     (0.029)   

Republican                                    0.067**     0.071**                 0.232***    0.162***
                                            (0.025)     (0.027)                 (0.030)     (0.031)   

Congenial x Republican                        0.069+      0.071+                 -0.009      -0.009   
                                            (0.038)     (0.039)                 (0.040)     (0.039)   

Constant                          0.199***    0.168***    3.170+      0.552***    0.443***    7.056***
                                (0.012)     (0.016)     (1.874)     (0.015)     (0.021)     (1.837)   
------------------------------------------------------------------------------------------------------
Demographic controls                                        Yes                                 Yes   
R-square                          0.026       0.041       0.069       0.035       0.090       0.190   
Observations                       2104        2104        2066        2104        2104        2066   
------------------------------------------------------------------------------------------------------
Standard errors in parentheses
+ p<0.1, * p<0.05, ** p<0.01, *** p<0.001

.         esttab using $tabsavedir/yougov-reg-table-fragment.tex, 
>         b(%9.3fc)
>         se(%9.3fc)
>         varwidth(20)
>         modelwidth(8)   
>         star (+ 0.1 * 0.05 ** 0.01 *** 0.001)
>         keep(1.congenialcue 1.rep 1.congenialcue#1.rep _cons)
>         obslast
>         label
>         nobase  
>         noobs
>         nomtitle
>         coeflabel(1.congenialcue "Congenial"
>                           1.rep "Republican"
>                       1.congenialcue#1.rep "Congenial $\times$ Republican"              
>                       _cons "Constant"  
>                 )
>         scalar(
>                 "r2 R$^2$" 
>                 "demotab Demographic controls"
>                 "nobs Respondent-items"
>                 ) 
>         alignment(D{.}{.}{-1})
>         substitute(\_ _)
>         fragment booktabs replace        
>         ;
(output written to D:/partisan-gaps/tabs/yougov-reg-table-fragment.tex)

. #delimit cr     
delimiter now cr
. 
end of do-file

. 
. **** Barplots for effect of party & survey type on response
. do ./survey-exp/unemp-barplots.do

. qui reg unempup i.congenialcue, vce(hc3)

. 
. mat coefmat = e(b)

. mat list coefmat

coefmat[1,3]
              0b.            1.              
    congenialcue  congenialcue         _cons
y1             0     .14400665     .19903846

. local baseline = coefmat[1, 3] /* _cons */

. local repcoef = coefmat[1,2]  /* 1.congenialcue */

. 
. preserve

. regsave

. drop if coef==0
(1 observation deleted)

. 
. gen effect = `baseline' + coef if var!="_cons"
(1 missing value generated)

. replace effect = `baseline' if var=="_cons"
(1 real change made)

. 
. * Construct CI
. gen uci = effect + 1.96 * stderr

. gen lci = effect - 1.96 * stderr

. replace uci = 0 if var=="_cons"
(1 real change made)

. replace lci = 0 if var=="_cons"
(1 real change made)

. 
. gen porder = 0 if var=="_cons"
(1 missing value generated)

. replace porder = 1 if var=="1.congenialcue"
(1 real change made)

. sort porder

. 
. *~~~~~~~~~~~~~~~~~~~~~~~~~~~~~~~~~~~~~~~~~~~~~~~~~~~~~~~~~~~~~~~~~~~~~~~~~~~~~~~
. * Graph settings
. label define xlab 0 Uncongenial 1 Congenial

. label values porder xlab

. 
. set scheme s2mono

. local YLAB_OPTS angle(horizontal) labsize(large) nogrid 

. local YRANGE 0.(0.1).4

. local BASELINE_XLIM = _N+.5

. local CI_WIDTH medthick

. local XLAB_SIZE large

. local BAR_OPTS          color(gs7) fcolor(none) lwidth(thick)

. *~~~~~~~~~~~~~~~~~~~~~~~~~~~~~~~~~~~~~~~~~~~~~~~~~~~~~~~~~~~~~~~~~~~~~~~~~~~~~~~
. #delimit;
delimiter now ;
. twoway  
>                 (bar effect porder if porder==0, `BAR_OPTS') 
>                 (bar effect porder if porder==1, `BAR_OPTS'
>                         xlabel(,val labsize(`XLAB_SIZE') )
>                         xtitle("")
>                 ) 
>                 (rcap uci lci porder if porder!=0, 
>                         color(black)
>                         lwidth(`CI_WIDTH')
>                         legend(off)
>                         ylabel(`YRANGE', `YLAB_OPTS' ) 
>                         yscale(r(0 .41))
>                         xlabel(0 1,val labsize(`XLAB_SIZE') noticks)
>                         xscale(noextend lcolor(none))
>                         graphregion(color(white) lc(white) lw(medium) margin(0 0 3 0)) 
>                         bgcolor(white)
>                         plotregion(margin(30 30 0 0))
>                 )               
>         ;

. #delimit cr     
delimiter now cr
. 
. graph export $figsavedir/yougov-unemp-congenialcue.pdf, replace 
(file D:/partisan-gaps/figs/yougov-unemp-congenialcue.pdf written in PDF format)

. restore

. 
. 
. *~~~~~~~~~~~~~~~~~~~~~~~~~~~~~~~~~~~~~~~~~~~~~~~~~~~~~~~~~~~~~~~~~~~~~~~~~~~~~~~
. *~~~~~~~~~~~~~~~~~~~~~~~~~~~~~~~~~~~~~~~~~~~~~~~~~~~~~~~~~~~~~~~~~~~~~~~~~~~~~~~
. * Congenial cue interacted with partisanship
. *~~~~~~~~~~~~~~~~~~~~~~~~~~~~~~~~~~~~~~~~~~~~~~~~~~~~~~~~~~~~~~~~~~~~~~~~~~~~~~~
. *~~~~~~~~~~~~~~~~~~~~~~~~~~~~~~~~~~~~~~~~~~~~~~~~~~~~~~~~~~~~~~~~~~~~~~~~~~~~~~~
. qui reg unempup i.congenialcue##i.rep, vce(hc3)

. 
. mat coefmat = e(b)

. mat list coefmat

coefmat[1,9]
               0b.             1.            0b.             1.  0b.congeni~e#  0b.congeni~e#  1o.congeni~e#
     congenialcue   congenialcue            rep            rep         0b.rep         1o.rep         0b.rep
y1              0      .11099402              0      .06663847              0              0              0

     1.congenia~e#               
            1.rep          _cons
y1      .06947264      .16757741

. local baseline = coefmat[1, 9] /* _cons */

. local congcoef = coefmat[1,2]  /* 1.congenialcue */

. local repcoef = coefmat[1,4]  /* 1.rep */

. 
. preserve

. regsave

. drop if coef==0
(5 observations deleted)

. 
. gen effect = `baseline' + coef if var!="_cons"
(1 missing value generated)

. replace effect = `baseline' if var=="_cons"
(1 real change made)

. replace effect = effect + `congcoef' + `repcoef' if var=="1.congenialcue#1.rep"
(1 real change made)

. 
. * Construct CI
. gen uci = effect + 1.96 * stderr

. gen lci = effect - 1.96 * stderr

. replace uci = 0 if var=="_cons"
(1 real change made)

. replace lci = 0 if var=="_cons"
(1 real change made)

. 
. gen porder = 0 if var=="_cons"
(3 missing values generated)

. replace porder = 1 if var=="1.congenialcue"
(1 real change made)

. replace porder = 2 if var=="1.rep"
(1 real change made)

. replace porder = 3 if var=="1.congenialcue#1.rep"
(1 real change made)

. sort porder

. 
. *~~~~~~~~~~~~~~~~~~~~~~~~~~~~~~~~~~~~~~~~~~~~~~~~~~~~~~~~~~~~~~~~~~~~~~~~~~~~~~~
. * Graph settings
. label define xlab 0 `""Dem. w/" "uncongenial" """' 1 `""Dem. w/" "congenial" """' 2 `""Rep. w/" "uncongenial" """' 3 `
> ""Rep. w/" "congenial" """' 

. label values porder xlab

. 
. set scheme s2mono

. local YLAB_OPTS angle(horizontal) labsize(large) nogrid 

. local YRANGE 0.(0.1).5

. local BASELINE_XLIM = _N+.5

. local CI_WIDTH medthick

. local XLAB_SIZE large

. local BAR_OPTS           fcolor(none) lwidth(thick)

. *~~~~~~~~~~~~~~~~~~~~~~~~~~~~~~~~~~~~~~~~~~~~~~~~~~~~~~~~~~~~~~~~~~~~~~~~~~~~~~~
. #delimit;
delimiter now ;
. twoway  
>                 (bar effect porder if porder==0, color(navy)   `BAR_OPTS') 
>                 (bar effect porder if porder==1, color(navy)   `BAR_OPTS') 
>                 (bar effect porder if porder==2, color(maroon) `BAR_OPTS') 
>                 (bar effect porder if porder==3, color(maroon) `BAR_OPTS'
>                         xlabel(,val labsize(`XLAB_SIZE') )
>                         xtitle("")
>                 ) 
>                 (rcap uci lci porder if porder!=0, 
>                         color(black)
>                         lwidth(`CI_WIDTH')
>                         legend(off)
>                         ylabel(`YRANGE', `YLAB_OPTS' ) 
>                         yscale(r(0 .51))
>                         xlabel(, notick)
>                         xscale(noextend lcolor(none))
>                         graphregion(color(white) lc(white) lw(medium) margin(0 0 10 0)) 
>                         bgcolor(white)
>                         plotregion(margin(12 12 0 0))
>                 )               
>         ;

. #delimit cr     
delimiter now cr
. graph export $figsavedir/yougov-unemp-congenialcue-partisan.pdf, replace        
(file D:/partisan-gaps/figs/yougov-unemp-congenialcue-partisan.pdf written in PDF format)

. 
. restore

. 
end of do-file

. do ./survey-exp/deficit-barplots.do

. qui reg deficitup i.congenialcue, vce(hc3)

. 
. mat coefmat = e(b)

. mat list coefmat

coefmat[1,3]
              0b.            1.              
    congenialcue  congenialcue         _cons
y1             0     .17834008     .55192308

. local baseline = coefmat[1, 3] /* _cons */

. local repcoef = coefmat[1,2]  /* 1.congenialcue */

. 
. preserve

. regsave

. drop if coef==0
(1 observation deleted)

. 
. gen effect = `baseline' + coef if var!="_cons"
(1 missing value generated)

. replace effect = `baseline' if var=="_cons"
(1 real change made)

. 
. * Construct CI
. gen uci = effect + 1.96 * stderr

. gen lci = effect - 1.96 * stderr

. replace uci = 0 if var=="_cons"
(1 real change made)

. replace lci = 0 if var=="_cons"
(1 real change made)

. 
. gen porder = 0 if var=="_cons"
(1 missing value generated)

. replace porder = 1 if var=="1.congenialcue"
(1 real change made)

. sort porder

. 
. *~~~~~~~~~~~~~~~~~~~~~~~~~~~~~~~~~~~~~~~~~~~~~~~~~~~~~~~~~~~~~~~~~~~~~~~~~~~~~~~
. * Graph settings
. label define xlab 0 `""Uncongenial" """' 1 `""Congenial" """'

. label values porder xlab

. 
. set scheme s2mono

. local YLAB_OPTS angle(horizontal) labsize(large) nogrid 

. local YRANGE 0.(0.2).8

. local BASELINE_XLIM = _N+.5

. local CI_WIDTH medthick

. local XLAB_SIZE large

. local BAR_OPTS          color(gs7) fcolor(none) lwidth(thick)

. *~~~~~~~~~~~~~~~~~~~~~~~~~~~~~~~~~~~~~~~~~~~~~~~~~~~~~~~~~~~~~~~~~~~~~~~~~~~~~~~
. #delimit;
delimiter now ;
. twoway  
>                 (bar effect porder if porder==0, `BAR_OPTS') 
>                 (bar effect porder if porder==1, `BAR_OPTS'
>                         xlabel(,val labsize(`XLAB_SIZE') )
>                         xtitle("")
>                 ) 
>                 (rcap uci lci porder if porder!=0, 
>                         color(black)
>                         lwidth(`CI_WIDTH')
>                         legend(off)
>                         ylabel(`YRANGE', `YLAB_OPTS' ) 
>                         yscale(r(0 .82))
>                         xlabel(0 1,val labsize(`XLAB_SIZE') noticks)
>                         xscale(noextend lcolor(none))
>                         graphregion(color(white) lc(white) lw(medium) margin(0 0 3 0)) 
>                         bgcolor(white)
>                         plotregion(margin(30 30 0 0))
>                 )               
>         ;

. #delimit cr     
delimiter now cr
. 
. graph export $figsavedir/yougov-deficit-congenialcue.pdf, replace       
(file D:/partisan-gaps/figs/yougov-deficit-congenialcue.pdf written in PDF format)

. restore

. 
. *~~~~~~~~~~~~~~~~~~~~~~~~~~~~~~~~~~~~~~~~~~~~~~~~~~~~~~~~~~~~~~~~~~~~~~~~~~~~~~~
. *~~~~~~~~~~~~~~~~~~~~~~~~~~~~~~~~~~~~~~~~~~~~~~~~~~~~~~~~~~~~~~~~~~~~~~~~~~~~~~~
. * Congenial cue interacted with partisanship
. *~~~~~~~~~~~~~~~~~~~~~~~~~~~~~~~~~~~~~~~~~~~~~~~~~~~~~~~~~~~~~~~~~~~~~~~~~~~~~~~
. *~~~~~~~~~~~~~~~~~~~~~~~~~~~~~~~~~~~~~~~~~~~~~~~~~~~~~~~~~~~~~~~~~~~~~~~~~~~~~~~
. qui reg deficitup i.congenialcue##i.rep, vce(hc3)

. 
. mat coefmat = e(b)

. mat list coefmat

coefmat[1,9]
               0b.             1.            0b.             1.  0b.congeni~e#  0b.congeni~e#  1o.congeni~e#
     congenialcue   congenialcue            rep            rep         0b.rep         1o.rep         0b.rep
y1              0      .18237705              0      .23151147              0              0              0

     1.congenia~e#               
            1.rep          _cons
y1     -.00928925      .44262295

. local baseline = coefmat[1, 9] /* _cons */

. local congcoef = coefmat[1,2]  /* 1.congenialcue */

. local repcoef = coefmat[1,4]  /* 1.rep */

. 
. preserve

. regsave

. drop if coef==0
(5 observations deleted)

. 
. gen effect = `baseline' + coef if var!="_cons"
(1 missing value generated)

. replace effect = `baseline' if var=="_cons"
(1 real change made)

. replace effect = effect + `congcoef' + `repcoef' if var=="1.congenialcue#1.rep"
(1 real change made)

. 
. * Construct CI
. gen uci = effect + 1.96 * stderr

. gen lci = effect - 1.96 * stderr

. replace uci = 0 if var=="_cons"
(1 real change made)

. replace lci = 0 if var=="_cons"
(1 real change made)

. 
. gen porder = 0 if var=="_cons"
(3 missing values generated)

. replace porder = 1 if var=="1.congenialcue"
(1 real change made)

. replace porder = 2 if var=="1.rep"
(1 real change made)

. replace porder = 3 if var=="1.congenialcue#1.rep"
(1 real change made)

. sort porder

. 
. *~~~~~~~~~~~~~~~~~~~~~~~~~~~~~~~~~~~~~~~~~~~~~~~~~~~~~~~~~~~~~~~~~~~~~~~~~~~~~~~
. * Graph settings
. label define xlab 0 `""Dem. " "uncongenial" """' 1 `""Dem. " "congenial" """' 2 `""Rep. " "uncongenial" """' 3 `""Rep.
>  " "congenial" """' 

. label values porder xlab

. 
. set scheme s2mono

. local YLAB_OPTS angle(horizontal) labsize(large) nogrid 

. local YRANGE 0.(0.2).8

. local BASELINE_XLIM = _N+.5

. local CI_WIDTH medthick

. local XLAB_SIZE large

. local BAR_OPTS           fcolor(none) lwidth(thick)

. *~~~~~~~~~~~~~~~~~~~~~~~~~~~~~~~~~~~~~~~~~~~~~~~~~~~~~~~~~~~~~~~~~~~~~~~~~~~~~~~
. #delimit;
delimiter now ;
. twoway  
>                 (bar effect porder if porder==0, color(navy)   `BAR_OPTS') 
>                 (bar effect porder if porder==1, color(navy)   `BAR_OPTS') 
>                 (bar effect porder if porder==2, color(maroon) `BAR_OPTS') 
>                 (bar effect porder if porder==3, color(maroon) `BAR_OPTS'
>                         xlabel(,val labsize(`XLAB_SIZE') )
>                         xtitle("")
>                 ) 
>                 (rcap uci lci porder if porder!=0, 
>                         color(black)
>                         lwidth(`CI_WIDTH')
>                         legend(off)
>                         ylabel(`YRANGE', `YLAB_OPTS' ) 
>                         yscale(r(0 .81))
>                         xlabel(, notick)
>                         xscale(noextend lcolor(none))
>                         graphregion(color(white) lc(white) lw(medium) margin(0 0 10 0)) 
>                         bgcolor(white)
>                         plotregion(margin(12 12 0 0))
>                 )               
>         ;

. #delimit cr     
delimiter now cr
. graph export $figsavedir/yougov-deficit-congenialcue-partisan.pdf, replace      
(file D:/partisan-gaps/figs/yougov-deficit-congenialcue-partisan.pdf written in PDF format)

. 
. restore

. 
end of do-file

. 
. 
. *~~~~~~~~~~~~~~~~~~~~~~~~~~~~~~~~~~~~~~~~~~~~~~~~~~~~~~~~~~~~~~~~~~~~~~~~~~~~~~
. * Texas Lyceum results (Study 3)
. *~~~~~~~~~~~~~~~~~~~~~~~~~~~~~~~~~~~~~~~~~~~~~~~~~~~~~~~~~~~~~~~~~~~~~~~~~~~~~~
. **** Basic prep of data
. use "D:/partisan-gaps/data/tx_lyceum/Texas Lyceum 2012 Data.dta", clear

. do ./tx-lyceum/preamble.do

. /* Demographics */
. global demoX news agecohort i.married i.children i.schoolm1 i.income i.edu i.religion i.race i.libcon i.gender

. 
. encode ageo, gen(agecohort)

. 
. gen rep = 0

. replace rep = (pid==2) 
(433 real changes made)

. replace rep = . if pid >=3 /* drop party DK or neither*/ 
(440 real changes made, 440 to missing)

. label var rep "=1 if Republican"

. drop if missing(rep)
(440 observations deleted)

. 
. /* Defining unempup = dep. var. for Q45 (Unemployment)
> Since the 2010 midterm elections...
> Q45a = ..., has the unemployment rate gone up, gone down, or remained the same?  Or couldnt you say?
> Q45b = ... when Republicans regained control of the U.S. Congress, has the unemployment rate gone up, gone down, or re
> mained the same?  Or couldnt you say?
> Q45C = ... when the Democrats retained control of the Senate, has the unemployment rate gone up, gone down, or remaine
> d the same?  Or couldnt you say?
> 
> 1.  Gone up
> 2.  Gone down
> 3.  Stayed the same
> 4.  Couldnt say
> */
. gen unempup = (q45a==1) | (q45b==1) | (q45c==1)

. label var unempup "Responded that unemployment rate has gone up"

. 
. gen unempdk = (q45a==4) | (q45b==4) | (q45c==4)

. label var unempdk "Responded DK for unemployment"

. 
. /* Congenial cues 
> Cue is congenial when the cue makes a partisan more likely to get the correct response (unemp went up)
> This is when:
>         * a R sees a D cue
>         * a D sees a R cue
> */
. rename sel03 q45arm

. 
. gen unempcongenial = (rep==1 & q45arm==3) | (rep==0 & q45arm==2)

. gen unempuncongenial = (rep==1 & q45arm==2) | (rep==0 & q45arm==3)

. gen unempneutral = (q45arm==1)

. assert (unempcongenial + unempuncongenial + unempneutral)==1

. 
. 
. /* Defining fedtaxup = dep. var. for Q46 (Fed taxes)
> Since the 2010 midterm elections...
> Q46a = Since January 2009, have federal taxes increased, decreased, or remained the same.
> Q46b = Since Barack Obama took office, have federal taxes increased, decreased, or remained the same.
> Q46C = Based on what you have heard, since Barack Obama took office, have federal taxes increased, decreased, or remai
> ned the same.
> 
> 1.  Increased
> 2.  Decreased
> 3.  Remained the same
> 4.  Couldnt say
> */
. gen fedtaxup = (q46a==1) | (q46b==1) | (q46c==1)

. label var fedtaxup "Responded that federal taxes has gone up"

. 
. gen fedtaxdk = (q46a==4) | (q46b==4) | (q46c==4)

. label var fedtaxdk "Responded DK for has federal taxes has gone up?"

. 
. 
. /* Cues 
> 
> Cue is congenial when a Rep sees the Dem cue (Q46b)
> 
> Cue is congenial w guessing encouraged when Rep sees the Dem cue with "based on what you have heard" (Q46C)
> 
> Note: Only Rep can have congenial guess. Dem will have only neutral or uncongenial cues
> */
. rename sel04 q46arm

. 
. gen fedtaxcongenial = (rep==1 & q46arm==2)

. gen fedtaxuncongenial = (rep==0 & q46arm==2)

. gen fedtaxcongenialguess = (rep==1 & q46arm==3)

. gen fedtaxuncongenialguess = (rep==0 & q46arm==3)

. gen fedtaxneutral = (q46arm==1)

. 
. 
. assert (fedtaxcongenial + fedtaxuncongenial + fedtaxcongenialguess + fedtaxuncongenialguess + fedtaxneutral)==1

. 
. 
end of do-file

. 
. **** Reg table for effect of party & survey type on response
. do ./tx-lyceum/reg-table.do

. eststo clear

. eststo: qui reg unempup i.unempcongenial i.unempuncongenial, vce(hc3)
(est1 stored)

.         local nobs: display %9.0fc `e(N)'

.         estadd local nobs "\multicolumn{1}{c}{`nobs'}"

added macro:
               e(nobs) : "\multicolumn{1}{c}{      758}"

.         estadd local demotab "\multicolumn{1}{c}{.}"

added macro:
            e(demotab) : "\multicolumn{1}{c}{.}"

. eststo: qui reg unempup i.(unempcongenial unempuncongenial)##i.rep, vce(hc3)
(est2 stored)

.         local nobs: display %9.0fc `e(N)'

.         estadd local nobs "\multicolumn{1}{c}{`nobs'}"

added macro:
               e(nobs) : "\multicolumn{1}{c}{      758}"

.         estadd local demotab "\multicolumn{1}{c}{.}"

added macro:
            e(demotab) : "\multicolumn{1}{c}{.}"

. eststo: qui reg unempup i.(unempcongenial unempuncongenial)##i.rep $demoX, vce(hc3)
(est3 stored)

.         local nobs: display %9.0fc `e(N)'

.         estadd local nobs "\multicolumn{1}{c}{`nobs'}"

added macro:
               e(nobs) : "\multicolumn{1}{c}{      752}"

.         estadd local demotab "\multicolumn{1}{c}{Yes}"

added macro:
            e(demotab) : "\multicolumn{1}{c}{Yes}"

.         estadd local demo "Yes"

added macro:
               e(demo) : "Yes"

. 
. #delimit;
delimiter now ;
. esttab,
>         b(%9.3fc)
>         se(%9.3fc)
>         varwidth(30)
>         modelwidth(8)   
>         star (+ 0.1 * 0.05 ** 0.01 *** 0.001)
>         keep(1.unempcongenial 1.unempuncongenial 1.rep 1.unempcongenial#1.rep 1.unempuncongenial#1.rep _cons)
>         obslast
>         label
>         nobase  
>         nomtitle
>         coeflabel(1.unempcongenial "Congenial"
>                           1.unempuncongenial "Uncongenial"
>                           1.rep "Republican"
>                       1.unempcongenial#1.rep "Congenial x Republican"   
>                       1.unempuncongenial#1.rep "Uncongenial x Republican"               
>                       )
>         scalar(
>                 "demo Demographic controls"
>                 "r2 R-square" 
>                 ) 
>         // title("Dep. var. is 1(response is congenial)")
> ;

------------------------------------------------------------------
                                    (1)         (2)         (3)   
------------------------------------------------------------------
Congenial                         0.084+      0.088       0.072   
                                (0.044)     (0.061)     (0.066)   

Uncongenial                      -0.172***   -0.134**    -0.164** 
                                (0.040)     (0.050)     (0.058)   

Republican                                    0.273***    0.203** 
                                            (0.058)     (0.074)   

Congenial x Republican                        0.009       0.030   
                                            (0.085)     (0.091)   

Uncongenial x Republican                     -0.065      -0.042   
                                            (0.075)     (0.084)   

Constant                          0.395***    0.236***    0.056   
                                (0.030)     (0.041)     (0.170)   
------------------------------------------------------------------
Demographic controls                                        Yes   
R-square                          0.048       0.118       0.170   
Observations                        758         758         752   
------------------------------------------------------------------
Standard errors in parentheses
+ p<0.1, * p<0.05, ** p<0.01, *** p<0.001

.         esttab using $tabsavedir/texas-unemp-reg-table-fragment.tex, 
>         b(%9.3fc)
>         se(%9.3fc)
>         varwidth(20)
>         modelwidth(8)   
>         star (+ 0.1 * 0.05 ** 0.01 *** 0.001)
>         keep(1.unempcongenial 1.unempuncongenial 1.rep 1.unempcongenial#1.rep 1.unempuncongenial#1.rep _cons)
>         obslast
>         label
>         nobase  
>         noobs
>         nomtitle
>         coeflabel(1.unempcongenial "Congenial"
>                           1.unempuncongenial "Uncongenial"
>                           1.rep "Republican"
>                       1.unempcongenial#1.rep "Congenial x Republican"   
>                       1.unempuncongenial#1.rep "Uncongenial x Republican"               
>                       )
>         scalar(
>                 "r2 R$^2$" 
>                 "demotab Demographic controls"
>                 "nobs Respondent-items"
>                 ) 
>         alignment(D{.}{.}{-1})
>         substitute(\_ _)
>         fragment booktabs replace        
>         ;
(output written to D:/partisan-gaps/tabs/texas-unemp-reg-table-fragment.tex)

. #delimit cr     
delimiter now cr
. 
. 
. 
. *~~~~~~~~~~~~~~~~~~~~~~~~~~~~~~~~~~~~~~~~~~~~~~~~~~~~~~~~~~~~~~~~~~~~~~~~~~~~~~~~~~~~~~~~~~~~~~~~~~
. * Make the reg table for federal taxes
. 
. global congguess fedtaxcongenial fedtaxuncongenial fedtaxcongenialguess fedtaxuncongenialguess

. 
. eststo clear

. eststo: qui reg fedtaxup $congguess, vce(hc3)
(est1 stored)

.         local nobs: display %9.0fc `e(N)'

.         estadd local nobs "\multicolumn{1}{c}{`nobs'}"

added macro:
               e(nobs) : "\multicolumn{1}{c}{      758}"

.         estadd local demotab "\multicolumn{1}{c}{.}"

added macro:
            e(demotab) : "\multicolumn{1}{c}{.}"

. eststo: qui reg fedtaxup $congguess $demoX, vce(hc3)
(est2 stored)

.         local nobs: display %9.0fc `e(N)'

.         estadd local nobs "\multicolumn{1}{c}{`nobs'}"

added macro:
               e(nobs) : "\multicolumn{1}{c}{      752}"

.         estadd local demotab "\multicolumn{1}{c}{Yes}"

added macro:
            e(demotab) : "\multicolumn{1}{c}{Yes}"

.         estadd local demo "Yes"

added macro:
               e(demo) : "Yes"

. eststo: qui reg fedtaxdk $congguess, vce(hc3)
(est3 stored)

.         local nobs: display %9.0fc `e(N)'

.         estadd local nobs "\multicolumn{1}{c}{`nobs'}"

added macro:
               e(nobs) : "\multicolumn{1}{c}{      758}"

.         estadd local demotab "\multicolumn{1}{c}{.}"

added macro:
            e(demotab) : "\multicolumn{1}{c}{.}"

. eststo: qui reg fedtaxdk $congguess $demoX, vce(hc3)
(est4 stored)

.         local nobs: display %9.0fc `e(N)'

.         estadd local nobs "\multicolumn{1}{c}{`nobs'}"

added macro:
               e(nobs) : "\multicolumn{1}{c}{      752}"

.         estadd local demotab "\multicolumn{1}{c}{Yes}"

added macro:
            e(demotab) : "\multicolumn{1}{c}{Yes}"

.         estadd local demo "Yes"

added macro:
               e(demo) : "Yes"

. 
. #delimit;
delimiter now ;
. esttab,
>         b(%9.3fc)
>         se(%9.3fc)
>         varwidth(30)
>         modelwidth(8)   
>         star (+ 0.1 * 0.05 ** 0.01 *** 0.001)
>         keep($congguess _cons)
>         obslast
>         label
>         nobase  
>         nomtitle
>         coeflabel(fedtaxcongenial "Congenial"
>                           fedtaxuncongenial "Uncongenial"
>                           fedtaxcongenialguess "Congenial w/ guess"
>                       fedtaxuncongenialguess "Uncongenial w/ guess"     
>                       )
>         scalar(
>                 "demo Demographic controls"
>                 "r2 R-square" 
>                 ) 
> ;

------------------------------------------------------------------------------
                                    (1)         (2)         (3)         (4)   
------------------------------------------------------------------------------
Congenial                         0.215***    0.171**    -0.077*     -0.081*  
                                (0.051)     (0.056)     (0.036)     (0.038)   

Uncongenial                      -0.298***   -0.228***   -0.063      -0.077   
                                (0.042)     (0.048)     (0.042)     (0.050)   

Congenial w/ guess                0.091+      0.042      -0.074*     -0.066+  
                                (0.052)     (0.057)     (0.036)     (0.038)   

Uncongenial w/ guess             -0.290***   -0.234***   -0.038      -0.051   
                                (0.040)     (0.047)     (0.041)     (0.043)   

Constant                          0.381***   -0.223       0.187***    0.884***
                                (0.031)     (0.177)     (0.025)     (0.180)   
------------------------------------------------------------------------------
Demographic controls                            Yes                     Yes   
R-square                          0.151       0.219       0.009       0.126   
Observations                        758         752         758         752   
------------------------------------------------------------------------------
Standard errors in parentheses
+ p<0.1, * p<0.05, ** p<0.01, *** p<0.001

.         esttab using $tabsavedir/texas-fedtax-reg-table-fragment.tex, 
>         b(%9.3fc)
>         se(%9.3fc)
>         varwidth(20)
>         modelwidth(8)   
>         star (+ 0.1 * 0.05 ** 0.01 *** 0.001)
>         keep($congguess _cons)
>         obslast
>         label
>         nobase  
>         noobs
>         nomtitle
>         coeflabel(fedtaxcongenial "Congenial"
>                           fedtaxuncongenial "Uncongenial"
>                           fedtaxcongenialguess "Congenial w/ guessing"
>                       fedtaxuncongenialguess "Uncongenial w/ guessing"  
>                       )
>         scalar(
>                 "r2 R$^2$" 
>                 "demotab Demographic controls"
>                 "nobs Respondent-items"
>                 ) 
>         alignment(D{.}{.}{-1})
>         substitute(\_ _)
>         fragment booktabs replace        
>         ;
(output written to D:/partisan-gaps/tabs/texas-fedtax-reg-table-fragment.tex)

. #delimit cr     
delimiter now cr
. 
end of do-file

. do ./tx-lyceum/reg-table.do

. eststo clear

. eststo: qui reg unempup i.unempcongenial i.unempuncongenial, vce(hc3)
(est1 stored)

.         local nobs: display %9.0fc `e(N)'

.         estadd local nobs "\multicolumn{1}{c}{`nobs'}"

added macro:
               e(nobs) : "\multicolumn{1}{c}{      758}"

.         estadd local demotab "\multicolumn{1}{c}{.}"

added macro:
            e(demotab) : "\multicolumn{1}{c}{.}"

. eststo: qui reg unempup i.(unempcongenial unempuncongenial)##i.rep, vce(hc3)
(est2 stored)

.         local nobs: display %9.0fc `e(N)'

.         estadd local nobs "\multicolumn{1}{c}{`nobs'}"

added macro:
               e(nobs) : "\multicolumn{1}{c}{      758}"

.         estadd local demotab "\multicolumn{1}{c}{.}"

added macro:
            e(demotab) : "\multicolumn{1}{c}{.}"

. eststo: qui reg unempup i.(unempcongenial unempuncongenial)##i.rep $demoX, vce(hc3)
(est3 stored)

.         local nobs: display %9.0fc `e(N)'

.         estadd local nobs "\multicolumn{1}{c}{`nobs'}"

added macro:
               e(nobs) : "\multicolumn{1}{c}{      752}"

.         estadd local demotab "\multicolumn{1}{c}{Yes}"

added macro:
            e(demotab) : "\multicolumn{1}{c}{Yes}"

.         estadd local demo "Yes"

added macro:
               e(demo) : "Yes"

. 
. #delimit;
delimiter now ;
. esttab,
>         b(%9.3fc)
>         se(%9.3fc)
>         varwidth(30)
>         modelwidth(8)   
>         star (+ 0.1 * 0.05 ** 0.01 *** 0.001)
>         keep(1.unempcongenial 1.unempuncongenial 1.rep 1.unempcongenial#1.rep 1.unempuncongenial#1.rep _cons)
>         obslast
>         label
>         nobase  
>         nomtitle
>         coeflabel(1.unempcongenial "Congenial"
>                           1.unempuncongenial "Uncongenial"
>                           1.rep "Republican"
>                       1.unempcongenial#1.rep "Congenial x Republican"   
>                       1.unempuncongenial#1.rep "Uncongenial x Republican"               
>                       )
>         scalar(
>                 "demo Demographic controls"
>                 "r2 R-square" 
>                 ) 
>         // title("Dep. var. is 1(response is congenial)")
> ;

------------------------------------------------------------------
                                    (1)         (2)         (3)   
------------------------------------------------------------------
Congenial                         0.084+      0.088       0.072   
                                (0.044)     (0.061)     (0.066)   

Uncongenial                      -0.172***   -0.134**    -0.164** 
                                (0.040)     (0.050)     (0.058)   

Republican                                    0.273***    0.203** 
                                            (0.058)     (0.074)   

Congenial x Republican                        0.009       0.030   
                                            (0.085)     (0.091)   

Uncongenial x Republican                     -0.065      -0.042   
                                            (0.075)     (0.084)   

Constant                          0.395***    0.236***    0.056   
                                (0.030)     (0.041)     (0.170)   
------------------------------------------------------------------
Demographic controls                                        Yes   
R-square                          0.048       0.118       0.170   
Observations                        758         758         752   
------------------------------------------------------------------
Standard errors in parentheses
+ p<0.1, * p<0.05, ** p<0.01, *** p<0.001

.         esttab using $tabsavedir/texas-unemp-reg-table-fragment.tex, 
>         b(%9.3fc)
>         se(%9.3fc)
>         varwidth(20)
>         modelwidth(8)   
>         star (+ 0.1 * 0.05 ** 0.01 *** 0.001)
>         keep(1.unempcongenial 1.unempuncongenial 1.rep 1.unempcongenial#1.rep 1.unempuncongenial#1.rep _cons)
>         obslast
>         label
>         nobase  
>         noobs
>         nomtitle
>         coeflabel(1.unempcongenial "Congenial"
>                           1.unempuncongenial "Uncongenial"
>                           1.rep "Republican"
>                       1.unempcongenial#1.rep "Congenial x Republican"   
>                       1.unempuncongenial#1.rep "Uncongenial x Republican"               
>                       )
>         scalar(
>                 "r2 R$^2$" 
>                 "demotab Demographic controls"
>                 "nobs Respondent-items"
>                 ) 
>         alignment(D{.}{.}{-1})
>         substitute(\_ _)
>         fragment booktabs replace        
>         ;
(output written to D:/partisan-gaps/tabs/texas-unemp-reg-table-fragment.tex)

. #delimit cr     
delimiter now cr
. 
. 
. 
. *~~~~~~~~~~~~~~~~~~~~~~~~~~~~~~~~~~~~~~~~~~~~~~~~~~~~~~~~~~~~~~~~~~~~~~~~~~~~~~~~~~~~~~~~~~~~~~~~~~
. * Make the reg table for federal taxes
. 
. global congguess fedtaxcongenial fedtaxuncongenial fedtaxcongenialguess fedtaxuncongenialguess

. 
. eststo clear

. eststo: qui reg fedtaxup $congguess, vce(hc3)
(est1 stored)

.         local nobs: display %9.0fc `e(N)'

.         estadd local nobs "\multicolumn{1}{c}{`nobs'}"

added macro:
               e(nobs) : "\multicolumn{1}{c}{      758}"

.         estadd local demotab "\multicolumn{1}{c}{.}"

added macro:
            e(demotab) : "\multicolumn{1}{c}{.}"

. eststo: qui reg fedtaxup $congguess $demoX, vce(hc3)
(est2 stored)

.         local nobs: display %9.0fc `e(N)'

.         estadd local nobs "\multicolumn{1}{c}{`nobs'}"

added macro:
               e(nobs) : "\multicolumn{1}{c}{      752}"

.         estadd local demotab "\multicolumn{1}{c}{Yes}"

added macro:
            e(demotab) : "\multicolumn{1}{c}{Yes}"

.         estadd local demo "Yes"

added macro:
               e(demo) : "Yes"

. eststo: qui reg fedtaxdk $congguess, vce(hc3)
(est3 stored)

.         local nobs: display %9.0fc `e(N)'

.         estadd local nobs "\multicolumn{1}{c}{`nobs'}"

added macro:
               e(nobs) : "\multicolumn{1}{c}{      758}"

.         estadd local demotab "\multicolumn{1}{c}{.}"

added macro:
            e(demotab) : "\multicolumn{1}{c}{.}"

. eststo: qui reg fedtaxdk $congguess $demoX, vce(hc3)
(est4 stored)

.         local nobs: display %9.0fc `e(N)'

.         estadd local nobs "\multicolumn{1}{c}{`nobs'}"

added macro:
               e(nobs) : "\multicolumn{1}{c}{      752}"

.         estadd local demotab "\multicolumn{1}{c}{Yes}"

added macro:
            e(demotab) : "\multicolumn{1}{c}{Yes}"

.         estadd local demo "Yes"

added macro:
               e(demo) : "Yes"

. 
. #delimit;
delimiter now ;
. esttab,
>         b(%9.3fc)
>         se(%9.3fc)
>         varwidth(30)
>         modelwidth(8)   
>         star (+ 0.1 * 0.05 ** 0.01 *** 0.001)
>         keep($congguess _cons)
>         obslast
>         label
>         nobase  
>         nomtitle
>         coeflabel(fedtaxcongenial "Congenial"
>                           fedtaxuncongenial "Uncongenial"
>                           fedtaxcongenialguess "Congenial w/ guess"
>                       fedtaxuncongenialguess "Uncongenial w/ guess"     
>                       )
>         scalar(
>                 "demo Demographic controls"
>                 "r2 R-square" 
>                 ) 
> ;

------------------------------------------------------------------------------
                                    (1)         (2)         (3)         (4)   
------------------------------------------------------------------------------
Congenial                         0.215***    0.171**    -0.077*     -0.081*  
                                (0.051)     (0.056)     (0.036)     (0.038)   

Uncongenial                      -0.298***   -0.228***   -0.063      -0.077   
                                (0.042)     (0.048)     (0.042)     (0.050)   

Congenial w/ guess                0.091+      0.042      -0.074*     -0.066+  
                                (0.052)     (0.057)     (0.036)     (0.038)   

Uncongenial w/ guess             -0.290***   -0.234***   -0.038      -0.051   
                                (0.040)     (0.047)     (0.041)     (0.043)   

Constant                          0.381***   -0.223       0.187***    0.884***
                                (0.031)     (0.177)     (0.025)     (0.180)   
------------------------------------------------------------------------------
Demographic controls                            Yes                     Yes   
R-square                          0.151       0.219       0.009       0.126   
Observations                        758         752         758         752   
------------------------------------------------------------------------------
Standard errors in parentheses
+ p<0.1, * p<0.05, ** p<0.01, *** p<0.001

.         esttab using $tabsavedir/texas-fedtax-reg-table-fragment.tex, 
>         b(%9.3fc)
>         se(%9.3fc)
>         varwidth(20)
>         modelwidth(8)   
>         star (+ 0.1 * 0.05 ** 0.01 *** 0.001)
>         keep($congguess _cons)
>         obslast
>         label
>         nobase  
>         noobs
>         nomtitle
>         coeflabel(fedtaxcongenial "Congenial"
>                           fedtaxuncongenial "Uncongenial"
>                           fedtaxcongenialguess "Congenial w/ guessing"
>                       fedtaxuncongenialguess "Uncongenial w/ guessing"  
>                       )
>         scalar(
>                 "r2 R$^2$" 
>                 "demotab Demographic controls"
>                 "nobs Respondent-items"
>                 ) 
>         alignment(D{.}{.}{-1})
>         substitute(\_ _)
>         fragment booktabs replace        
>         ;
(output written to D:/partisan-gaps/tabs/texas-fedtax-reg-table-fragment.tex)

. #delimit cr     
delimiter now cr
. 
end of do-file

. 
. **** Barplots for effect of party & survey type on response
. do ./tx-lyceum/unemp-barplot.do

. use "D:/partisan-gaps/data/tx_lyceum/Texas Lyceum 2012 Data.dta", clear

. do ./tx-lyceum/preamble.do

. /* Demographics */
. global demoX news agecohort i.married i.children i.schoolm1 i.income i.edu i.religion i.race i.libcon i.gender

. 
. encode ageo, gen(agecohort)

. 
. gen rep = 0

. replace rep = (pid==2) 
(433 real changes made)

. replace rep = . if pid >=3 /* drop party DK or neither*/ 
(440 real changes made, 440 to missing)

. label var rep "=1 if Republican"

. drop if missing(rep)
(440 observations deleted)

. 
. /* Defining unempup = dep. var. for Q45 (Unemployment)
> Since the 2010 midterm elections...
> Q45a = ..., has the unemployment rate gone up, gone down, or remained the same?  Or couldnt you say?
> Q45b = ... when Republicans regained control of the U.S. Congress, has the unemployment rate gone up, gone down, or re
> mained the same?  Or couldnt you say?
> Q45C = ... when the Democrats retained control of the Senate, has the unemployment rate gone up, gone down, or remaine
> d the same?  Or couldnt you say?
> 
> 1.  Gone up
> 2.  Gone down
> 3.  Stayed the same
> 4.  Couldnt say
> */
. gen unempup = (q45a==1) | (q45b==1) | (q45c==1)

. label var unempup "Responded that unemployment rate has gone up"

. 
. gen unempdk = (q45a==4) | (q45b==4) | (q45c==4)

. label var unempdk "Responded DK for unemployment"

. 
. /* Congenial cues 
> Cue is congenial when the cue makes a partisan more likely to get the correct response (unemp went up)
> This is when:
>         * a R sees a D cue
>         * a D sees a R cue
> */
. rename sel03 q45arm

. 
. gen unempcongenial = (rep==1 & q45arm==3) | (rep==0 & q45arm==2)

. gen unempuncongenial = (rep==1 & q45arm==2) | (rep==0 & q45arm==3)

. gen unempneutral = (q45arm==1)

. assert (unempcongenial + unempuncongenial + unempneutral)==1

. 
. 
. /* Defining fedtaxup = dep. var. for Q46 (Fed taxes)
> Since the 2010 midterm elections...
> Q46a = Since January 2009, have federal taxes increased, decreased, or remained the same.
> Q46b = Since Barack Obama took office, have federal taxes increased, decreased, or remained the same.
> Q46C = Based on what you have heard, since Barack Obama took office, have federal taxes increased, decreased, or remai
> ned the same.
> 
> 1.  Increased
> 2.  Decreased
> 3.  Remained the same
> 4.  Couldnt say
> */
. gen fedtaxup = (q46a==1) | (q46b==1) | (q46c==1)

. label var fedtaxup "Responded that federal taxes has gone up"

. 
. gen fedtaxdk = (q46a==4) | (q46b==4) | (q46c==4)

. label var fedtaxdk "Responded DK for has federal taxes has gone up?"

. 
. 
. /* Cues 
> 
> Cue is congenial when a Rep sees the Dem cue (Q46b)
> 
> Cue is congenial w guessing encouraged when Rep sees the Dem cue with "based on what you have heard" (Q46C)
> 
> Note: Only Rep can have congenial guess. Dem will have only neutral or uncongenial cues
> */
. rename sel04 q46arm

. 
. gen fedtaxcongenial = (rep==1 & q46arm==2)

. gen fedtaxuncongenial = (rep==0 & q46arm==2)

. gen fedtaxcongenialguess = (rep==1 & q46arm==3)

. gen fedtaxuncongenialguess = (rep==0 & q46arm==3)

. gen fedtaxneutral = (q46arm==1)

. 
. 
. assert (fedtaxcongenial + fedtaxuncongenial + fedtaxcongenialguess + fedtaxuncongenialguess + fedtaxneutral)==1

. 
. 
end of do-file

. 
. 
. qui reg unempup i.unempcongenial i.unempuncongenial, vce(hc3)

. 
. mat coefmat = e(b)

. mat list coefmat

coefmat[1,5]
              0b.            1.           0b.            1.              
    unempconge~l  unempconge~l  unempuncon~l  unempuncon~l         _cons
y1             0      .0837294             0    -.17190785     .39543726

. local baseline = coefmat[1, 5] /* _cons */

. local congcoef = coefmat[1,2]  /* 1.unempcongenial */

. local uncongcoef = coefmat[1,4]  /* 1.unempuncongenial */

. 
. preserve

. regsave

. drop if coef==0
(2 observations deleted)

. 
. gen effect = `baseline' + coef if var!="_cons"
(1 missing value generated)

. replace effect = `baseline' if var=="_cons"
(1 real change made)

. 
. * Construct CI
. gen uci = effect + 1.96 * stderr

. gen lci = effect - 1.96 * stderr

. replace uci = 0 if var=="_cons"
(1 real change made)

. replace lci = 0 if var=="_cons"
(1 real change made)

. 
. gen porder = 0 if var=="_cons"
(2 missing values generated)

. replace porder = 1 if var=="1.unempuncongenial"
(1 real change made)

. replace porder = 2 if var=="1.unempcongenial"
(1 real change made)

. sort porder

. 
. 
. *~~~~~~~~~~~~~~~~~~~~~~~~~~~~~~~~~~~~~~~~~~~~~~~~~~~~~~~~~~~~~~~~~~~~~~~~~~~~~~~
. * Graph settings
. label define xlab 0 `""Neutral" """' 1 `""Uncongenial" """' 2 `""Congenial" """' 

. label values porder xlab

. 
. set scheme s2mono

. local YLAB_OPTS angle(horizontal) labsize(large) nogrid 

. local YRANGE 0.(0.2).6

. local BASELINE_XLIM = _N+.5

. local CI_WIDTH medthick

. local XLAB_SIZE large

. local BAR_OPTS          color(gs7) fcolor(none) lwidth(thick)

. *~~~~~~~~~~~~~~~~~~~~~~~~~~~~~~~~~~~~~~~~~~~~~~~~~~~~~~~~~~~~~~~~~~~~~~~~~~~~~~~
. #delimit;
delimiter now ;
. twoway  
>                 (bar effect porder if porder==0, `BAR_OPTS') 
>                 (bar effect porder if porder==1, `BAR_OPTS') 
>                 (bar effect porder if porder==2, `BAR_OPTS'
>                         xlabel(,val labsize(`XLAB_SIZE') )
>                         xtitle("")
>                 ) 
>                 (rcap uci lci porder if porder!=0, 
>                         color(black)
>                         lwidth(`CI_WIDTH')
>                         legend(off)
>                         ylabel(`YRANGE', `YLAB_OPTS' ) 
>                         yscale(r(0 .63))
>                         xlabel(0 1 2,val labsize(`XLAB_SIZE') noticks)
>                         xscale(noextend lcolor(none))
>                         graphregion(color(white) lc(white) lw(medium) margin(0 0 3 0)) 
>                         bgcolor(white)
>                         plotregion(margin(25 25 0 0))
>                 )               
>         ;

. #delimit cr     
delimiter now cr
. graph export $figsavedir/texas-unemp-congenialcue.pdf, replace  
(file D:/partisan-gaps/figs/texas-unemp-congenialcue.pdf written in PDF format)

. restore

. 
end of do-file

. 
. *~~~~~~~~~~~~~~~~~~~~~~~~~~~~~~~~~~~~~~~~~~~~~~~~~~~~~~~~~~~~~~~~~~~~~~~~~~~~~~
. // * MTurk results (Study 4)
. *~~~~~~~~~~~~~~~~~~~~~~~~~~~~~~~~~~~~~~~~~~~~~~~~~~~~~~~~~~~~~~~~~~~~~~~~~~~~~~
. **** Figure 5
. do ./mturk_hk/mc_likert_coefplot.do

. /* 
> Multiple choice sample: MTurks HK 
> */
. import delimited D:/partisan-gaps/data/mturk_hk/mturk_hk_MC.csv, clear
(12 vars, 2228 obs)

. 
. rename congenial congenial_str

. drop if congenial_str=="NA"
(308 observations deleted)

. encode congenial_str, gen(congenial)

. 
. rename questions questions_str

. encode questions_str, gen(questions)

. 
. reg responses i.congenial i.questions, cluster(respondent)

Linear regression                                      Number of obs =    1920
                                                       F(  4,   479) =  161.89
                                                       Prob > F      =  0.0000
                                                       R-squared     =  0.2357
                                                       Root MSE      =  .42698

                           (Std. Err. adjusted for 480 clusters in respondent)
------------------------------------------------------------------------------
             |               Robust
   responses |      Coef.   Std. Err.      t    P>|t|     [95% Conf. Interval]
-------------+----------------------------------------------------------------
   congenial |
          1  |   .0666495   .0214104     3.11   0.002     .0245797    .1087194
             |
   questions |
aca_correct  |  -.0229167   .0229406    -1.00   0.318    -.0679933      .02216
 dt_correct  |   .5530516   .0262464    21.07   0.000     .5014792    .6046239
 gg_correct  |      .0125   .0272141     0.46   0.646    -.0409737    .0659737
             |
       _cons |   .2172328   .0224311     9.68   0.000     .1731572    .2613084
------------------------------------------------------------------------------

. eststo mc

. 
. 
. /* 
> Likert scale sample: MTurks HK 
> */
. import delimited D:/partisan-gaps/data\mturk_hk/mturk_hk_LIKERT.csv, clear
(13 vars, 10040 obs)

. 
. rename congenial congenial_str

. drop if congenial_str=="NA"
(480 observations deleted)

. encode congenial_str, gen(congenial)

. 
. rename questions questions_str

. encode questions_str, gen(questions)

. 
. rename scale_mc_c_10 scale_mc_c_10_str

. drop if scale_mc_c_10_str=="NA"
(7872 observations deleted)

. encode scale_mc_c_10_str, gen(scale_mc_c_10)

. 
. reg scale_mc_c_10 i.congenial i.questions, cluster(respondent)

Linear regression                                      Number of obs =    1688
                                                       F(  4,   421) =  127.39
                                                       Prob > F      =  0.0000
                                                       R-squared     =  0.2478
                                                       Root MSE      =  .39008

                           (Std. Err. adjusted for 422 clusters in respondent)
------------------------------------------------------------------------------
             |               Robust
scale_mc_~10 |      Coef.   Std. Err.      t    P>|t|     [95% Conf. Interval]
-------------+----------------------------------------------------------------
   congenial |
          1  |   .0347608   .0159058     2.19   0.029     .0034962    .0660254
             |
   questions |
 rg_s_aca_3  |    .063981   .0156252     4.09   0.000      .033268    .0946941
  rg_s_dt_4  |   .5629675   .0254153    22.15   0.000     .5130108    .6129243
  rg_s_gg_4  |   .3388626   .0254215    13.33   0.000     .2888936    .3888315
             |
       _cons |   1.019856   .0137881    73.97   0.000     .9927541    1.046958
------------------------------------------------------------------------------

. eststo scale

. 
. 
. /* 
> Plot the stored coefficients for congenial
> */
. local MSIZE huge

. local MLWIDTH vvvthin

. local MARKER_OPTS msize(`MSIZE') mlwidth(`MLWIDTH')

. 
. #delimit;
delimiter now ;
. coefplot 
>         (mc, msymbol(O) `MARKER_OPTS') 
>         (scale, msymbol(dh) `MARKER_OPTS'), 
>         keep(2.congenial) 
>         coeflabels(2.congenial = `""Congenial" "partisanship""', labsize(large))
>         ciopts(lwidth(medthick)) 
>         xlabel(0(.03).09, labsize(medlarge))
>         scheme(lean2)
>         plotregion(lcolor(black) lwidth(medthin) margin(0 0 0 0))       
>         legend(
>                 label(2 "Multiple Choice") 
>                 label(4 "Likert Scale")
>                 // title({bf:Condition})
>                 size(large)
>                 col(1) ring(0)
>                 )
> ;

. #delimit cr
delimiter now cr
. graph export "$figsavedir/mturk-hk-MC-LIKERT.pdf", replace      
(file D:/partisan-gaps/figs/mturk-hk-MC-LIKERT.pdf written in PDF format)

. 
end of do-file

. 
. **** Table 7: Confidence scoring and knowledge gaps
. do ./mturk_hk/reg_table.do

. import delimited D:\partisan-gaps\data\mturk_hk\mturk_hk_MC_LIKERT.csv, clear
(13 vars, 3916 obs)

. 
. rename question questions_str

. encode questions_str, gen(questions)

. 
. * Define likert == 1 if likert, 0 if multiple choice
. rename condition condition_str

. label define conditionLabel 0 "mc" 1 "scale"

. encode condition_str, gen(likert) label(conditionLabel)

. 
. drop if independent ==1
(404 observations deleted)

. 
. * Item-level effect of LIKERT/Scale/CCD on proportion of correct response
. global items aca aca2 gg dt 

. eststo clear

. foreach item in $items {
  2.         qui eststo: reg correct i.congenial##i.likert if questions_str=="`item'", cluster(respondent) 
  3.                 estadd local itemFE "\multicolumn{1}{c}{No}"
  4.                 estadd local items 1
  5.                 estadd local Nrespondents = "\multicolumn{1}{c}{`e(N_clust)'}"
  6.                 local nobs: display %9.0fc `e(N)'
  7.                 estadd local nobs "\multicolumn{1}{c}{`nobs'}"
  8. }

added macro:
             e(itemFE) : "\multicolumn{1}{c}{No}"

added macro:
              e(items) : "1"

added macro:
       e(Nrespondents) : "\multicolumn{1}{c}{878}"

added macro:
               e(nobs) : "\multicolumn{1}{c}{      878}"

added macro:
             e(itemFE) : "\multicolumn{1}{c}{No}"

added macro:
              e(items) : "1"

added macro:
       e(Nrespondents) : "\multicolumn{1}{c}{878}"

added macro:
               e(nobs) : "\multicolumn{1}{c}{      878}"

added macro:
             e(itemFE) : "\multicolumn{1}{c}{No}"

added macro:
              e(items) : "1"

added macro:
       e(Nrespondents) : "\multicolumn{1}{c}{878}"

added macro:
               e(nobs) : "\multicolumn{1}{c}{      878}"

added macro:
             e(itemFE) : "\multicolumn{1}{c}{No}"

added macro:
              e(items) : "1"

added macro:
       e(Nrespondents) : "\multicolumn{1}{c}{878}"

added macro:
               e(nobs) : "\multicolumn{1}{c}{      878}"

. * Average (over the four items) effect of LIKERT/Scale/CCD on proportion of correct response
. qui eststo: reghdfe correct i.congenial##i.likert, cluster(respondent) absorb(questions)

.         estadd local itemFE "\multicolumn{1}{c}{Yes}"

added macro:
             e(itemFE) : "\multicolumn{1}{c}{Yes}"

.         estadd local items 4

added macro:
              e(items) : "4"

.         estadd local Nrespondents = "\multicolumn{1}{c}{`e(N_clust)'}"

added macro:
       e(Nrespondents) : "\multicolumn{1}{c}{878}"

.         local nobs: display %9.0fc `e(N)'

.         estadd local nobs "\multicolumn{1}{c}{`nobs'}"

added macro:
               e(nobs) : "\multicolumn{1}{c}{    3,512}"

. 
. #delimit;
delimiter now ;
. esttab,
>         b(%9.3fc)
>         se(%9.3fc)
>         varwidth(30)
>         modelwidth(8)   
>         star (+ 0.1 * 0.05 ** 0.01 *** 0.001)
>         keep(1.congenial 1.likert 1.congenial#1.likert)
>         obslast
>         label
>         nobase  
>         noobs
>         nomtitle        
>         coeflabel(
>                 1.congenial "Congenial"
>                 1.likert "CCD"
>                 1.congenial#1.likert "Congenial $\times$ CCD"
>                 )       
>         scalar(
>                 "r2 R$^2$" 
>                 "itemFE Survey item FE"
>                 "items Items"
>                 "Nrespondents Respondents"
>                 "nobs Respondent-items"
>                 ) 
>         title("Dep. var. is 1(response is correct)")    
> ;

Dep. var. is 1(response is correct)
------------------------------------------------------------------------------------------
                                    (1)         (2)         (3)         (4)         (5)   
------------------------------------------------------------------------------------------
Congenial                         0.098*      0.089*      0.103*      0.011       0.062** 
                                (0.039)     (0.040)     (0.041)     (0.038)     (0.021)   

CCD                               0.003      -0.145***   -0.026      -0.169***   -0.097***
                                (0.042)     (0.036)     (0.043)     (0.039)     (0.022)   

Congenial $\times$ CCD           -0.208***   -0.113*      0.234***   -0.092      -0.019   
                                (0.051)     (0.046)     (0.060)     (0.063)     (0.027)   
------------------------------------------------------------------------------------------
R$^2$                             0.045       0.095       0.079       0.053       0.231   
Survey item FE                 \multicolumn{1}{c}{No}    \multicolumn{1}{c}{No}    \multicolumn{1}{c}{No}    \multicolum
> n{1}{c}{No}    \multicolumn{1}{c}{Yes}   
Items                                 1           1           1           1           4   
Respondents                    \multicolumn{1}{c}{878}    \multicolumn{1}{c}{878}    \multicolumn{1}{c}{878}    \multico
> lumn{1}{c}{878}    \multicolumn{1}{c}{878}   
Respondent-items               \multicolumn{1}{c}{      878}    \multicolumn{1}{c}{      878}    \multicolumn{1}{c}{    
>   878}    \multicolumn{1}{c}{      878}    \multicolumn{1}{c}{    3,512}   
------------------------------------------------------------------------------------------
Standard errors in parentheses
+ p<0.1, * p<0.05, ** p<0.01, *** p<0.001

. esttab using $tabsavedir/mturk-hk-reg-table-fragment.tex, 
>         b(%9.3fc)
>         se(%9.3fc)
>         varwidth(20)
>         modelwidth(8)   
>         star (+ 0.1 * 0.05 ** 0.01 *** 0.001)
>         keep(1.congenial 1.likert 1.congenial#1.likert)
>         obslast
>         label
>         nobase  
>         noobs
>         nomtitle
>         coeflabel(
>                 1.congenial "Congenial"
>                 1.likert "CCD"
>                 1.congenial#1.likert "Congenial $\times$ CCD"
>                 )       
>         scalar(
>                 "r2 R$^2$" 
>                 "itemFE Survey item FE"
>                 "items Items"
>                 "Nrespondents Respondents"
>                 "nobs Respondent-items"
>                 ) 
>         alignment(D{.}{.}{-1})
>         substitute(\_ _)
>         fragment booktabs replace        
> ;
(output written to D:/partisan-gaps/tabs/mturk-hk-reg-table-fragment.tex)

. #delimit cr
delimiter now cr
. 
. 
. 
. 
end of do-file

. 
. 
. tictoc toc
------------------------------------------------------------------------------------------------------------------------
----------- Time log -----------
Start time: 21 Nov 2022 12:16:40
End time: 21 Nov 2022 12:17:04
Elapsed seconds:        23
Elapsed minutes:         0
Elapsed hours:       .01
------------------------------------------------------------------------------------------------------------------------

. 
. log close
      name:  <unnamed>
       log:  D:\partisan-gaps\scripts\Stata\logs/partisan-gaps.txt
  log type:  text
 closed on:  21 Nov 2022, 12:17:04
------------------------------------------------------------------------------------------------------------------------
