------------------------------------------------------------------------------------------------------------------------
      name:  <unnamed>
       log:  D:\partisan-gaps\scripts\Stata\logs/partisan-gaps.txt
  log type:  text
 opened on:  20 Jan 2022, 18:48:16

. 
. version 13              // Still on version 13 :(

. 
. global figsavedir `rootdir'/figs

. global tabsavedir `rootdir'/tabs

. adopath ++ ./ado                // Add path to ados
  [1]              "./ado"
  [2]  (BASE)      "C:\Program Files (x86)\Stata13\ado\base/"
  [3]  (SITE)      "C:\Program Files (x86)\Stata13\ado\site/"
  [4]              "."
  [5]  (PERSONAL)  "c:\ado\personal/"
  [6]  (PLUS)      "c:\ado\plus/"
  [7]  (OLDPLACE)  "c:\ado/"

. 
. *** Setup dependencies
. txt2macro stata-requirements.txt

. setup "`r(mymacro)'"
Installing ssc packages, please wait...
sssssss
. * -----------------------------------------------------------------------------
. tictoc tic
------------------------------------------------------------------------------------------------------------------------
----------- Time log -----------
Start time: 20 Jan 2022 18:48:16
------------------------------------------------------------------------------------------------------------------------

. 
. **** Basic prep of data
. import delimited D:/partisan-gaps/data/turk/mturk-recoded.csv
(344 vars, 1253 obs)

. do ./mturk/preamble.do

. global items    birth religion illegal death increase science fraud mmr deficit

. global arms             RW IPS FSR 14k 24k

. global demo     age i.female i.educ i.hisla $races

. 
. rename v1 id

. label var id "Participant ID"

. 
. rename avg avg_str

. destring avg_str, gen(avg) force
avg_str contains nonnumeric characters; avg generated as double
(2 missing values generated)

. 
. *------------------------------------------------------------------------------
. *** Response for the 9 items
. label define itemResponseLabel 1 "Correct" 0 "Incorrect"

. 
. foreach var of varlist $items {
  2.         tempvar _`var'
  3.         gen `_`var'' = `var'
  4.         drop `var'
  5.         gen `var' = (`_`var''=="TRUE") if (`_`var''!="NA")
  6.         label variable `var' "=1 if response is congenial to party for `var' item"
  7.         label values `var' itemResponseLabel
  8. }
(24 missing values generated)
(35 missing values generated)
(113 missing values generated)
(115 missing values generated)
(18 missing values generated)
(12 missing values generated)
(18 missing values generated)
(31 missing values generated)
(82 missing values generated)

. 
. replace deficit = 1 - deficit
(1171 real changes made)

. 
. *------------------------------------------------------------------------------
. *** pid
. rename pid pid_str

. drop if pid_str =="Something else"
(46 observations deleted)

. 
. label define pidLabel 1 "Democrat" 2 "Independent" 3 "Republican"

. encode pid_str, gen(pid) label(pidLabel)

. 
. fvset base 2 pid // permanently set Independent as base

. 
. gen rep = (pid_str=="Republican") if !missing(pid_str)

. 
. *------------------------------------------------------------------------------
. *** Demo
. rename gender gender_str

. label define genderLabel 0 "Male" 1 "Female"

. encode gender_str, gen(female) label(genderLabel)

. 
. foreach demo in educ hisla race {
  2.         rename `demo' `demo'_str
  3.         encode `demo'_str, gen(`demo')
  4. }

. 
. gen asian = strmatch(race_str, "Asian*")

. gen black = strmatch(race_str, "Black*")

. gen white = strmatch(race_str, "White*")

. gen others = strmatch(race_str, "Other*")

. global races asian black white others

. 
. *------------------------------------------------------------------------------
. *** Survey types
. encode question_type, gen(survey)

. fvset base 5 survey // permanently set RW as base

. 
end of do-file

. 
. // **** Figure for raw partisan gaps by items, by survey type
. do ./mturk/fig-partisan-gap.do

. grstyle init

. grstyle set plain, 

. 
. eststo clear

. foreach item of varlist $items avg {
  2.         foreach arm in $arms {
  3.                 qui: reg `item' ib1.pid if (pid_str!="Independent") & (question_type=="`arm'"), vce(hc3)
  4.                 est store `item'_`arm'          
  5.         }
  6. 
.         // * For all arms together
.         // qui: reg `item' ib1.pid if (pid_str!="Independent") 
.         // est store `item'_all 
. }

. 
. 
. coefplot (*_RW) || (*_IPS) || (*_FSR) || (*_14k) || (*_24k), ///
>         msymbol(s) ///
>         keep(3.pid) ///
>         asequation /// "set equation to model name or string" make the rows the models
>         swapnames /// "swap coefficient names and equation names"
>         subtitle("") /// Remove subtitles for now
>         byopts(row(1)) /// Force results to be in one row (1xn)
>         xline(0, lcolor(gs10) lpattern(dash) lwidth(medium)) ///
>         xlabel(-.3(.3).6) ///
>         xscale(range(-.2 .53)) ///
>         plotregion(margin(zero) ) ///   
>         plotregion(lcolor(black) margin(zero) lwidth(medthin)) /// draw box around columns
>         graphregion(margin(zero)) ///
>         ytick(none) /// remove horizontal grids
>         yscale(noline alt)  /// swap labels to RHS
>         eqrename( ///
>                 birth_RW = "{bf:Obama birthplace}" ///
>                 birth_IPS = "{bf:Obama birthplace}" ///
>                 birth_FSR = "{bf:Obama birthplace}" ///
>                 birth_14k = "{bf:Obama birthplace}" ///
>                 birth_24k = "{bf:Obama birthplace}" ///
>                 birth_all = "{bf:Obama birthplace}" ///
>                 religion_RW = "{bf:Obama religion}" ///                                                               
>                                     " ///
>                 religion_IPS = "{bf:Obama religion}" ///
>                 religion_FSR = "{bf:Obama religion}" ///
>                 religion_14k = "{bf:Obama religion}" ///
>                 religion_24k = "{bf:Obama religion}" ///
>                 religion_all = "{bf:Obama religion}" ///
>                 illegal_RW = "{bf:ACA illegal}" ///
>                 illegal_IPS = "{bf:ACA illegal}" ///
>                 illegal_FSR = "{bf:ACA illegal}" ///
>                 illegal_14k = "{bf:ACA illegal}" ///
>                 illegal_24k = "{bf:ACA illegal}" ///
>                 illegal_all = "{bf:ACA illegal}" ///
>                 death_RW = "{bf:ACA death panels}" ///
>                 death_IPS = "{bf:ACA death panels}" ///
>                 death_FSR = "{bf:ACA death panels}" ///
>                 death_14k = "{bf:ACA death panels}" ///
>                 death_24k = "{bf:ACA death panels}" ///
>                 death_all = "{bf:ACA death panels}" ///
>                 increase_RW = "{bf:GW causes}" ///
>                 increase_IPS = "{bf:GW causes}" ///
>                 increase_FSR = "{bf:GW causes}" ///
>                 increase_14k = "{bf:GW causes}" ///
>                 increase_24k = "{bf:GW causes}" ///
>                 increase_all = "{bf:GW causes}" ///
>                 science_RW = "{bf:GW scientists agree}" ///
>                 science_IPS = "{bf:GW scientists agree}" ///
>                 science_FSR = "{bf:GW scientists agree}" ///
>                 science_14k = "{bf:GW scientists agree}" ///
>                 science_24k = "{bf:GW scientists agree}" ///
>                 science_all = "{bf:GW scientists agree}" ///
>                 fraud_RW = "{bf:Voter fraud}" ///
>                 fraud_IPS = "{bf:Voter fraud}" ///
>                 fraud_FSR = "{bf:Voter fraud}" ///
>                 fraud_14k = "{bf:Voter fraud}" ///
>                 fraud_24k = "{bf:Voter fraud}" ///
>                 fraud_all = "{bf:Voter fraud}" ///
>                 mmr_RW = "{bf:MMR vaccine}" ///
>                 mmr_IPS = "{bf:MMR vaccine}" ///
>                 mmr_FSR = "{bf:MMR vaccine}" ///
>                 mmr_14k = "{bf:MMR vaccine}" ///
>                 mmr_24k = "{bf:MMR vaccine}" ///
>                 mmr_all = "{bf:MMR vaccine}" ///
>                 deficit_RW = "{bf:Budget deficit}" ///
>                 deficit_IPS = "{bf:Budget deficit}" ///
>                 deficit_FSR = "{bf:Budget deficit}" ///
>                 deficit_14k = "{bf:Budget deficit}" ///
>                 deficit_24k = "{bf:Budget deficit}" ///
>                 deficit_all = "{bf:Budget deficit}" ///         
>                 avg_RW = "{bf:Average}" ///                                                             
>                 avg_IPS = "{bf:Average}" ///                                                            
>                 avg_FSR = "{bf:Average}" ///                                                            
>                 avg_14k = "{bf:Average}" ///                                                            
>                 avg_24k = "{bf:Average}" ///                                                            
>                 avg_all = "{bf:Average}" ///                                                            
>                 )

. 
. * Add column titles     
. addplot 1: , title("{bf:RW}", size(med)) norescaling
(note:  named style med not found in class gsize, default attributes used)

. addplot 2: , title("{bf:IPS}") norescaling

. addplot 3: , title("{bf:FSR}") norescaling

. addplot 4: , title("{bf:14k}") norescaling

. addplot 5: , title("{bf:24k}") norescaling

. 
. * graph margin
. gr_edit .style.editstyle margin(left) editcopy 

. * plot margin
. gr_edit .plotregion1.style.editstyle margin(left) editcopy

. * Remove ylabel ticks
. gr_edit .plotregion1.yaxis1[5].style.editstyle majorstyle(tickstyle(show_ticks(no))) editcopy

. * Shift labels to left
. gr_edit .plotregion1.move yaxis1[5] leftof 9 1

. 
. * reset margins back to zero to flush with new col of labels
. gr_edit .style.editstyle margin(zero) editcopy 

. gr_edit .plotregion1.style.editstyle margin(zero) editcopy

. 
. graph export "$figsavedir/partisan-gap-by-item-arm.pdf", replace        
(file D:/partisan-gaps/figs/partisan-gap-by-item-arm.pdf written in PDF format)

. 
. 
. * sort(, descending) /// sort by coeff size (by first column) 
> *       transform(* = min(max(@,-.25),.5)) /// truncate CI, 1st num is lower bound, 2nd num is up
> per bound

end of do-file

. 
. // *** Balance tests (24k vs RW), takes a while
. do ./mturk/baltest-24k-rw.do

. preserve

. 
. drop if (question_type!="24k") & (question_type!="RW")
(725 observations deleted)

. gen tarm = (question_type=="24k") 

. 
. 
. global bs_seed 0

. global nboot 10000

. 
. cap program drop run_reg_corr

. program define run_reg_corr
  1.         args xvar
  2. 
.         qui eststo: reg tarm `xvar', vce(hc3) 
  3.         global `xvar'_N = "(N=`e(N)')"
  4.         
.         rho_report tarm `xvar', seed($bs_seed) nboot($nboot)
  5.         global `xvar'_rreport = "`r(rreport)'"
  6. end

. 
. *~~~~~~~~~~~~~~~~~~~~~~~~~~~~~~~~~~~~~~~~~~~~~~~~~~~~~~~~~~~~~~~~~~~~~~~~~~~~~~
. *** Run regressions and correlation
. 
. center age interest_1 vote_1 pid_strength_1, standardize inplace
(modified variables: age interest_1 vote_1 pid_strength_1)

. qui tabulate educ, gen(d_educ)

. local listofxvar female age hisla d_educ2 d_educ5 d_educ1 d_educ4 asian black white interest_1 vo
> te_1 pid_strength_1

. 
. eststo clear 

. local i = 1

. foreach xvar of varlist `listofxvar' {
  2.         _dots `i++' 0
  3.         run_reg_corr `xvar'
  4. }
.............
. 
. *~~~~~~~~~~~~~~~~~~~~~~~~~~~~~~~~~~~~~~~~~~~~~~~~~~~~~~~~~~~~~~~~~~~~~~~~~~~~~~
. *** Plot
. grstyle init

. grstyle set plain, noextend

. 
. #delimit; 
delimiter now ;
. coefplot est*,
>         mcolor(navy) msize(small) 
>         ciopts(lcolor(gs7))
>         keep(`listofxvar')               
>         eqrename(est1="Female $female_N $female_rreport"
>                          est2="Age cohort $age_N $age_rreport"
>                          est3="Hispanic/Latinx $hisla_N   $hisla_rreport"
>                          // est4="No HS diploma `d_educ3_N' `d_educ3_rreport'"
>                          est4="HS diploma $d_educ2_N $d_educ2_rreport"
>                          est5="Some college $d_educ5_N $d_educ5_rreport"
>                          est6="Four-year college $d_educ1_N $d_educ1_rreport"
>                          est7="Post-graduate $d_educ4_N $d_educ4_rreport"
>                          est8="Asian $asian_N $asian_rreport"
>                          est9="Black $black_N $black_rreport"
>                          est10="White $white_N $white_rreport"
>                          // est11="Others `others_N' `others_rreport'"
>                          est11="Political interest $interest_1_N $interest_1_rreport"
>                          est12="Intention to vote $vote_1_N $vote_1_rreport"
>                          est13="Political leaning $pid_strength_1_N $pid_strength_1_rreport"
>                          )
>         headings(
>                 "HS diploma $d_educ2_N $d_educ2_rreport"="{bf:Education}"
>                 "Asian $asian_N $asian_rreport"="{bf:Race}"
>                 "Political interest $interest_1_N $interest_1_rreport"="{bf:Politics}", 
>                 labsize(vsmall) labgap(-3.5)
>                 )
>         asequation /// "set equation to model name or string" make the rows the models
>         swapnames /// "swap coefficient names and equation names"
>         xline(0, lcolor(gs10) lpattern(dash) lwidth(medium)) ///
>         ytick(none) /// remove horizontal grids 
>         ylabel(, labsize(vsmall))
>         xlabel(-.3(.1).3, labsize(vsmall))
>         // transform(* = min(max(@,-.24),.24)) /// truncate CI, 1st num is lower bound, 2nd num i
> s upper bound  
>         yscale(noline alt)
>         plotregion(margin(0 1 0 0) ) ///        
>         graphregion(margin(3 0 0 0)) ///        
>         title("{bf:Pearson Correlation}" "{bf:Coefficient [95% CI]}", 
>                         position(11) justification(center) size(small)
>                 )
>         legend(off)
> ;

. #delimit cr
delimiter now cr
. 
. gr_edit .yaxis1.style.editstyle majorstyle(tickstyle(show_ticks(no))) editcopy // yaxis1 edits

. 
. gr_edit .move yaxis1 leftof 8 5 // yaxis1 grid reposition

. 
. gr_edit .yaxis1.edit_tick 1 1   `"{bf:{fontface Consolas:Female $female_N              $female_rr
> eport}}"', tickset(major)

. gr_edit .yaxis1.edit_tick 2 2   `"{bf:{fontface Consolas:Age cohort $age_N           $age_rreport
> }}"', tickset(major)

. gr_edit .yaxis1.edit_tick 3 3   `"{bf:{fontface Consolas:Hispanic/Latinx $hisla_N      $hisla_rre
> port}}"', tickset(major)

. gr_edit .yaxis1.edit_tick 4 6   `"{bf:{fontface Consolas:HS diploma $d_educ2_N           $d_educ2
> _rreport}}"', tickset(major)

. gr_edit .yaxis1.edit_tick 5 7   `"{bf:{fontface Consolas:Some college $d_educ5_N        $d_educ5_
> rreport}}"', tickset(major)

. gr_edit .yaxis1.edit_tick 6 8   `"{bf:{fontface Consolas:Four-year college $d_educ1_N    $d_educ1
> _rreport}}"', tickset(major)

. gr_edit .yaxis1.edit_tick 7 9   `"{bf:{fontface Consolas:Post-graduate $d_educ4_N       $d_educ4_
> rreport}}"', tickset(major)

. gr_edit .yaxis1.edit_tick 8 12  `"{bf:{fontface Consolas:Asian $asian_N                $asian_rre
> port}}"', tickset(major)

. gr_edit .yaxis1.edit_tick 9 13  `"{bf:{fontface Consolas:Black $black_N               $black_rrep
> ort}}"', tickset(major)

. gr_edit .yaxis1.edit_tick 10 14 `"{bf:{fontface Consolas:White $white_N               $white_rrep
> ort}}"', tickset(major)

. // gr_edit .yaxis1.edit_tick 11 15 `"Others                   0.07 (-0.03 to 0.17)"', tickset(maj
> or)
. gr_edit .yaxis1.edit_tick 11 17 `"{bf:{fontface Consolas:Political interest $interest_1_N  $inter
> est_1_rreport}}"', tickset(major)

. gr_edit .yaxis1.edit_tick 12 18 `"{bf:{fontface Consolas:Intention to vote $vote_1_N   $vote_1_rr
> eport}}"', tickset(major)

. gr_edit .yaxis1.edit_tick 13 19 `"{bf:{fontface Consolas:Political leaning $pid_strength_1_N   $p
> id_strength_1_rreport}}"', tickset(major)

. 
. gr_edit .title.DragBy 0 -31

. 
. graph export $figsavedir/baltest-24k-rw.pdf, replace    
(file D:/partisan-gaps/figs/baltest-24k-rw.pdf written in PDF format)

. 
. restore

. 
end of do-file

. 
. **** Reg table for effect of party & survey type on response
. do ./mturk/reg-table.do

. 
. * Reshape from wide to long to stack participant-item observations
. foreach item of varlist $items {
  2.         rename `item' item`item'
  3. }

. reshape long item, i(id) j(item_type, string)
(note: j = birth death deficit fraud illegal increase mmr religion science)

Data                               wide   ->   long
-----------------------------------------------------------------------------
Number of obs.                     1207   ->   10863
Number of variables                 406   ->     399
j variable (9 values)                     ->   item_type
xij variables:
    itembirth itemdeath ... itemscience   ->   item
-----------------------------------------------------------------------------

. 
. drop if pid_str=="Independent"
(3708 observations deleted)

. 
. 
. local spec1 i.rep

. local spec2 i.survey

. local spec3 i.rep##i.survey

. local spec4 `spec1' $demo

. local spec5 `spec2' $demo

. local spec6 `spec3' $demo

. 
. eststo clear

. forvalues i = 1/6 {
  2. eststo: qui reghdfe item `spec`i'', absorb(item_type) vce(cluster id)
  3.         estadd local items 9
  4.         estadd local Nrespondents = e(N_clust1)
  5.         local nobs: display %9.0fc `e(N)'
  6.         estadd local itemFE "\multicolumn{1}{c}{Yes}"
  7.         estadd local nobs "`nobs'"
  8.         if `i' > 3 {
  9.                 estadd local demo "\multicolumn{1}{c}{Yes}"
 10.         }
 11.         else {
 12.                 estadd local demo "\multicolumn{1}{c}{.}"       
 13.         }
 14. }
(est1 stored)

added macro:
              e(items) : "9"

added macro:
       e(Nrespondents) : "794"

added macro:
             e(itemFE) : "\multicolumn{1}{c}{Yes}"

added macro:
               e(nobs) : "    6,893"

added macro:
               e(demo) : "\multicolumn{1}{c}{.}"
(est2 stored)

added macro:
              e(items) : "9"

added macro:
       e(Nrespondents) : "794"

added macro:
             e(itemFE) : "\multicolumn{1}{c}{Yes}"

added macro:
               e(nobs) : "    6,893"

added macro:
               e(demo) : "\multicolumn{1}{c}{.}"
(est3 stored)

added macro:
              e(items) : "9"

added macro:
       e(Nrespondents) : "794"

added macro:
             e(itemFE) : "\multicolumn{1}{c}{Yes}"

added macro:
               e(nobs) : "    6,893"

added macro:
               e(demo) : "\multicolumn{1}{c}{.}"
(est4 stored)

added macro:
              e(items) : "9"

added macro:
       e(Nrespondents) : "793"

added macro:
             e(itemFE) : "\multicolumn{1}{c}{Yes}"

added macro:
               e(nobs) : "    6,884"

added macro:
               e(demo) : "\multicolumn{1}{c}{Yes}"
(est5 stored)

added macro:
              e(items) : "9"

added macro:
       e(Nrespondents) : "793"

added macro:
             e(itemFE) : "\multicolumn{1}{c}{Yes}"

added macro:
               e(nobs) : "    6,884"

added macro:
               e(demo) : "\multicolumn{1}{c}{Yes}"
(est6 stored)

added macro:
              e(items) : "9"

added macro:
       e(Nrespondents) : "793"

added macro:
             e(itemFE) : "\multicolumn{1}{c}{Yes}"

added macro:
               e(nobs) : "    6,884"

added macro:
               e(demo) : "\multicolumn{1}{c}{Yes}"

. 
. 
. #delimit;
delimiter now ;
. esttab,
>         b(%9.3fc)
>         se(%9.3fc)
>         varwidth(20)
>         modelwidth(8)   
>         star (+ 0.1 * 0.05 ** 0.01 *** 0.001)
>         keep(1.rep *.survey _cons)
>         obslast
>         label
>         nobase  
>         noobs
>         nomtitle
>         coeflabel(1.rep "Republican=1"
>                       1.rep#1.survey "Republican=1 $\times$ 14k"                
>                       1.rep#2.survey "Republican=1 $\times$ 24k"
>                       1.rep#3.survey "Republican=1 $\times$ FSR"
>                       1.rep#4.survey "Republican=1 $\times$ IPS"
>                 )
>         scalar(
>                 "r2 R$^2$" 
>                 "itemFE Survey item FE"
>                 "demo Demographic controls"
>                 "items Items"
>                 "Nrespondents Respondents"
>                 "nobs Respondent-items"
>                 ) 
>         title("Dep. var. is 1(response is congenial)")
> ;

Dep. var. is 1(response is congenial)
--------------------------------------------------------------------------------------------
                          (1)         (2)         (3)         (4)         (5)         (6)   
--------------------------------------------------------------------------------------------
Republican=1            0.256***                0.375***    0.258***                0.374***
                      (0.016)                 (0.030)     (0.016)                 (0.029)   

14k                                -0.090***   -0.023                  -0.093***   -0.026   
                                  (0.025)     (0.022)                 (0.025)     (0.021)   

24k                                -0.165***   -0.064***               -0.166***   -0.066***
                                  (0.022)     (0.018)                 (0.022)     (0.017)   

FSR                                -0.074**    -0.000                  -0.075**    -0.004   
                                  (0.025)     (0.022)                 (0.024)     (0.021)   

IPS                                -0.010      -0.000                  -0.014      -0.005   
                                  (0.028)     (0.022)                 (0.028)     (0.021)   

Republican=1 $\t~14k                           -0.156***                           -0.157***
                                              (0.044)                             (0.044)   

Republican=1 $\t~24k                           -0.265***                           -0.266***
                                              (0.042)                             (0.041)   

Republican=1 $\tim~R                           -0.196***                           -0.186***
                                              (0.042)                             (0.041)   

Republican=1 $\tim~S                           -0.024                              -0.021   
                                              (0.046)                             (0.045)   

Constant                0.165***    0.314***    0.182***   -0.008       1.794+      0.483   
                      (0.006)     (0.020)     (0.017)     (0.946)     (1.083)     (0.878)   
--------------------------------------------------------------------------------------------
R$^2$                   0.329       0.270       0.354       0.335       0.277       0.361   
Survey item FE       \multicolumn{1}{c}{Yes}    \multicolumn{1}{c}{Yes}    \multicolumn{1}{c}{Yes} 
>    \multicolumn{1}{c}{Yes}    \multicolumn{1}{c}{Yes}    \multicolumn{1}{c}{Yes}   
Demographic controls \multicolumn{1}{c}{.}    \multicolumn{1}{c}{.}    \multicolumn{1}{c}{.}    \mu
> lticolumn{1}{c}{Yes}    \multicolumn{1}{c}{Yes}    \multicolumn{1}{c}{Yes}   
Items                       9           9           9           9           9           9   
Respondents               794         794         794         793         793         793   
Respondent-items         6,893        6,893        6,893        6,884        6,884        6,884   
--------------------------------------------------------------------------------------------
Standard errors in parentheses
+ p<0.1, * p<0.05, ** p<0.01, *** p<0.001

.         esttab using $tabsavedir/mturk-reg-table-fragment.tex, 
>         b(%9.3fc)
>         se(%9.3fc)
>         varwidth(20)
>         modelwidth(8)   
>         star (+ 0.1 * 0.05 ** 0.01 *** 0.001)
>         keep(1.rep *.survey _cons)
>         obslast
>         label
>         nobase  
>         noobs
>         nomtitle
>         coeflabel(1.rep "Republican=1"
>                       1.rep#1.survey "Republican=1 $\times$ 14k"                
>                       1.rep#2.survey "Republican=1 $\times$ 24k"
>                       1.rep#3.survey "Republican=1 $\times$ FSR"
>                       1.rep#4.survey "Republican=1 $\times$ IPS"
>                 )
>         scalar(
>                 "r2 R$^2$" 
>                 "itemFE Survey item FE"
>                 "demo Demographic controls"
>                 "items Items"
>                 "Nrespondents Respondents"
>                 "nobs Respondent-items"
>                 ) 
>         alignment(D{.}{.}{-1})
>         substitute(\_ _)
>         fragment booktabs replace        
>         ;
(output written to D:/partisan-gaps/tabs/mturk-reg-table-fragment.tex)

. #delimit cr     
delimiter now cr
. 
end of do-file

. 
. tictoc toc
---------------------------------------------------------------------------------------------------
----------- Time log -----------
Start time: 20 Jan 2022 18:48:16
End time: 20 Jan 2022 18:53:11
Elapsed seconds:       294
Elapsed minutes:         5
Elapsed hours:       .08
---------------------------------------------------------------------------------------------------

. 
. log close
      name:  <unnamed>
       log:  D:\partisan-gaps\scripts\Stata\logs/partisan-gaps.txt
  log type:  text
 closed on:  20 Jan 2022, 18:53:11
---------------------------------------------------------------------------------------------------
