------------------------------------------------------------------------------------------------------------------------
      name:  <unnamed>
       log:  D:\partisan-gaps\scripts\Stata\logs/partisan-gaps.txt
  log type:  text
 opened on:  12 Nov 2021, 10:16:33

. 
. cls                                     // Clear results window

. version 13              // Still on version 13 :(

. clear all               // Start with a clean slate

. set more off            // Disable partitioned output

. macro drop _all         // Clear all macros to avoid namespace conflicts

. set linesize 120        // Line size limit to make output more readable, affects logs

. // local figsavedir ./out/figures       // Savepath for figures
. // local tabsavedir ./out/tables        // Savepath for tables
. // sysdir set PERSONAL analysis/utilities // Add path to my ados
. * -----------------------------------------------------------------------------
. 
. import delimited D:/partisan_gaps/data/mturk-recoded.csv
(344 vars, 1253 obs)

. 
. **** Basic prep of data
. do preamble.do

. global items    birth religion illegal death increase science fraud mmr deficit

. global arms             RW IPS FSR 14k 24k

. global demo     age i.gender i.educ i.hisla i.race

. 
. rename v1 id

. label var id "Participant ID"

. 
. rename avg avg_str

. destring avg_str, gen(avg) force
avg_str contains nonnumeric characters; avg generated as double
(2 missing values generated)

. 
. *------------------------------------------------------------------------------
. *** Response for the 9 items
. label define itemResponseLabel 1 "Correct" 0 "Incorrect"

. 
. foreach var of varlist $items {
  2.         tempvar _`var'
  3.         gen `_`var'' = `var'
  4.         drop `var'
  5.         gen `var' = (`_`var''=="TRUE") if (`_`var''!="NA")
  6.         label variable `var' "=1 if response is congenial to party for `var' item"
  7.         label values `var' itemResponseLabel
  8. }
(24 missing values generated)
(35 missing values generated)
(113 missing values generated)
(115 missing values generated)
(18 missing values generated)
(12 missing values generated)
(18 missing values generated)
(31 missing values generated)
(82 missing values generated)

. 
. replace deficit = 1 - deficit
(1171 real changes made)

. 
. *------------------------------------------------------------------------------
. *** pid
. rename pid pid_str

. drop if pid_str =="Something else"
(46 observations deleted)

. 
. label define pidLabel 1 "Democrat" 2 "Independent" 3 "Republican"

. encode pid_str, gen(pid) label(pidLabel)

. 
. fvset base 2 pid // permanently set Independent as base

. 
. gen rep = (pid_str=="Republican") if !missing(pid_str)

. 
. *------------------------------------------------------------------------------
. *** Demo
. rename gender gender_str

. label define genderLabel 0 "Male" 1 "Female"

. encode gender_str, gen(gender) label(genderLabel)

. 
. foreach demo in educ hisla race {
  2.         rename `demo' `demo'_str
  3.         encode `demo'_str, gen(`demo')
  4. }

. 
. *------------------------------------------------------------------------------
. *** Survey types
. encode question_type, gen(survey)

. fvset base 5 survey // permanently set RW as base

. 
end of do-file

. 
. **** Figure for raw partisan gaps by items, by survey type
. do fig-partisan-gap.do

. grstyle init
Scheme _GRSTYLE_ already active although grstyle is not running
Press any key to reset default scheme to s2color and overwrite scheme _GRSTYLE_, or Break to abort
(set scheme preference recorded)

. grstyle set plain, 

. 
. eststo clear

. foreach item of varlist $items avg {
  2.         foreach arm in $arms {
  3.                 qui: reg `item' ib1.pid if (pid_str!="Independent") & (question_type=="`arm'"), vce(hc3)
  4.                 est store `item'_`arm'          
  5.         }
  6. 
.         // * For all arms together
.         // qui: reg `item' ib1.pid if (pid_str!="Independent") 
.         // est store `item'_all 
. }

. 
. 
. coefplot (*_RW) || (*_IPS) || (*_FSR) || (*_14k) || (*_24k), ///
>         msymbol(s) ///
>         keep(3.pid) ///
>         asequation /// "set equation to model name or string" make the rows the models
>         swapnames /// "swap coefficient names and equation names"
>         subtitle("") /// Remove subtitles for now
>         byopts(row(1)) /// Force results to be in one row (1xn)
>         xline(0, lcolor(gs10) lpattern(dash) lwidth(medium)) ///
>         xlabel(-.3(.3).6) ///
>         xscale(range(-.2 .53)) ///
>         plotregion(margin(zero) ) ///   
>         plotregion(lcolor(black) margin(zero) lwidth(medthin)) /// draw box around columns
>         graphregion(margin(zero)) ///
>         ytick(none) /// remove horizontal grids
>         yscale(noline alt)  /// swap labels to RHS
>         eqrename( ///
>                 birth_RW = "{bf:birth}" ///
>                 birth_IPS = "{bf:birth}" ///
>                 birth_FSR = "{bf:birth}" ///
>                 birth_14k = "{bf:birth}" ///
>                 birth_24k = "{bf:birth}" ///
>                 birth_all = "{bf:birth}" ///
>                 religion_RW = "{bf:religion}" ///                                                                     
>                               " ///
>                 religion_IPS = "{bf:religion}" ///
>                 religion_FSR = "{bf:religion}" ///
>                 religion_14k = "{bf:religion}" ///
>                 religion_24k = "{bf:religion}" ///
>                 religion_all = "{bf:religion}" ///
>                 illegal_RW = "{bf:illegal}" ///
>                 illegal_IPS = "{bf:illegal}" ///
>                 illegal_FSR = "{bf:illegal}" ///
>                 illegal_14k = "{bf:illegal}" ///
>                 illegal_24k = "{bf:illegal}" ///
>                 illegal_all = "{bf:illegal}" ///
>                 death_RW = "{bf:death}" ///
>                 death_IPS = "{bf:death}" ///
>                 death_FSR = "{bf:death}" ///
>                 death_14k = "{bf:death}" ///
>                 death_24k = "{bf:death}" ///
>                 death_all = "{bf:death}" ///
>                 increase_RW = "{bf:increase}" ///
>                 increase_IPS = "{bf:increase}" ///
>                 increase_FSR = "{bf:increase}" ///
>                 increase_14k = "{bf:increase}" ///
>                 increase_24k = "{bf:increase}" ///
>                 increase_all = "{bf:increase}" ///
>                 science_RW = "{bf:science}" ///
>                 science_IPS = "{bf:science}" ///
>                 science_FSR = "{bf:science}" ///
>                 science_14k = "{bf:science}" ///
>                 science_24k = "{bf:science}" ///
>                 science_all = "{bf:science}" ///
>                 fraud_RW = "{bf:fraud}" ///
>                 fraud_IPS = "{bf:fraud}" ///
>                 fraud_FSR = "{bf:fraud}" ///
>                 fraud_14k = "{bf:fraud}" ///
>                 fraud_24k = "{bf:fraud}" ///
>                 fraud_all = "{bf:fraud}" ///
>                 mmr_RW = "{bf:mmr}" ///
>                 mmr_IPS = "{bf:mmr}" ///
>                 mmr_FSR = "{bf:mmr}" ///
>                 mmr_14k = "{bf:mmr}" ///
>                 mmr_24k = "{bf:mmr}" ///
>                 mmr_all = "{bf:mmr}" ///
>                 deficit_RW = "{bf:deficit}" ///
>                 deficit_IPS = "{bf:deficit}" ///
>                 deficit_FSR = "{bf:deficit}" ///
>                 deficit_14k = "{bf:deficit}" ///
>                 deficit_24k = "{bf:deficit}" ///
>                 deficit_all = "{bf:deficit}" ///                
>                 avg_RW = "{bf:Average}" ///                                                             
>                 avg_IPS = "{bf:Average}" ///                                                            
>                 avg_FSR = "{bf:Average}" ///                                                            
>                 avg_14k = "{bf:Average}" ///                                                            
>                 avg_24k = "{bf:Average}" ///                                                            
>                 avg_all = "{bf:Average}" ///                                                            
>                 )

. 
. * Add column titles     
. addplot 1: , title("{bf:RW}", size(med)) norescaling
(note:  named style med not found in class gsize, default attributes used)

. addplot 2: , title("{bf:IPS}") norescaling

. addplot 3: , title("{bf:FSR}") norescaling

. addplot 4: , title("{bf:14k}") norescaling

. addplot 5: , title("{bf:24k}") norescaling

. 
. * graph margin
. gr_edit .style.editstyle margin(left) editcopy 

. * plot margin
. gr_edit .plotregion1.style.editstyle margin(left) editcopy

. * Remove ylabel ticks
. gr_edit .plotregion1.yaxis1[5].style.editstyle majorstyle(tickstyle(show_ticks(no))) editcopy

. * Shift labels to left
. gr_edit .plotregion1.move yaxis1[5] leftof 9 1

. 
. * reset margins back to zero to flush with new col of labels
. gr_edit .style.editstyle margin(zero) editcopy 

. gr_edit .plotregion1.style.editstyle margin(zero) editcopy

. 
. 
. graph export ../../ms/figures/partisan-gap-by-item-arm.pdf, replace     
(file ../../ms/figures/partisan-gap-by-item-arm.pdf written in PDF format)

. 
. 
. * sort(, descending) /// sort by coeff size (by first column) 
> *       transform(* = min(max(@,-.25),.5)) /// truncate CI, 1st num is lower bound, 2nd num is upper bound

end of do-file

. 
. **** Reg table for effect of party & survey type on response
. do reg-table.do

. 
. * Reshape from wide to long to stack participant-item observations
. foreach item of varlist $items {
  2.         rename `item' item`item'
  3. }

. reshape long item, i(id) j(item_type, string)
(note: j = birth death deficit fraud illegal increase mmr religion science)

Data                               wide   ->   long
-----------------------------------------------------------------------------
Number of obs.                     1207   ->   10863
Number of variables                 402   ->     395
j variable (9 values)                     ->   item_type
xij variables:
    itembirth itemdeath ... itemscience   ->   item
-----------------------------------------------------------------------------

. 
. drop if pid_str=="Independent"
(3708 observations deleted)

. 
. 
. local spec1 i.rep

. local spec2 i.survey

. local spec3 i.rep##i.survey

. local spec4 `spec1' $demo

. local spec5 `spec2' $demo

. local spec6 `spec3' $demo

. 
. forvalues i = 1/6 {
  2. eststo: qui reghdfe item `spec`i'', absorb(item_type) vce(cluster id)
  3.         estadd local items 9
  4.         estadd local Nrespondents = e(N_clust1)
  5.         local nobs: display %9.0fc `e(N)'
  6.         estadd local itemFE "Yes"
  7.         estadd local nobs "`nobs'"
  8.         if `i' > 3 {
  9.                 estadd local demo "Yes"
 10.         }
 11.         else {
 12.                 estadd local demo "."           
 13.         }
 14. }
(est1 stored)

added macro:
              e(items) : "9"

added macro:
       e(Nrespondents) : "794"

added macro:
             e(itemFE) : "Yes"

added macro:
               e(nobs) : "    6,893"

added macro:
               e(demo) : "."
(est2 stored)

added macro:
              e(items) : "9"

added macro:
       e(Nrespondents) : "794"

added macro:
             e(itemFE) : "Yes"

added macro:
               e(nobs) : "    6,893"

added macro:
               e(demo) : "."
(est3 stored)

added macro:
              e(items) : "9"

added macro:
       e(Nrespondents) : "794"

added macro:
             e(itemFE) : "Yes"

added macro:
               e(nobs) : "    6,893"

added macro:
               e(demo) : "."
(est4 stored)

added macro:
              e(items) : "9"

added macro:
       e(Nrespondents) : "793"

added macro:
             e(itemFE) : "Yes"

added macro:
               e(nobs) : "    6,884"

added macro:
               e(demo) : "Yes"
(est5 stored)

added macro:
              e(items) : "9"

added macro:
       e(Nrespondents) : "793"

added macro:
             e(itemFE) : "Yes"

added macro:
               e(nobs) : "    6,884"

added macro:
               e(demo) : "Yes"
(est6 stored)

added macro:
              e(items) : "9"

added macro:
       e(Nrespondents) : "793"

added macro:
             e(itemFE) : "Yes"

added macro:
               e(nobs) : "    6,884"

added macro:
               e(demo) : "Yes"

. 
. 
. #delimit;
delimiter now ;
. esttab,
>         b(%9.3fc)
>         se(%9.3fc)
>         varwidth(20)
>         modelwidth(8)   
>         star (+ 0.1 * 0.05 ** 0.01 *** 0.001)
>         keep(1.rep *.survey _cons)
>         obslast
>         label
>         nobase  
>         noobs
>         nomtitle
>         scalar(
>                 "r2 R$^2$" 
>                 "itemFE Survey item FE"
>                 "demo Demographic controls"
>                 "items Items"
>                 "Nrespondents Respondents"
>                 "nobs Respondent-items"
>                 ) 
>         title("Dep. var. is 1(response is congenial)")
> ;

Dep. var. is 1(response is congenial)
--------------------------------------------------------------------------------------------
                          (1)         (2)         (3)         (4)         (5)         (6)   
--------------------------------------------------------------------------------------------
rep=1                   0.256***                0.375***    0.268***                0.387***
                      (0.016)                 (0.030)     (0.016)                 (0.030)   

14k                                -0.090***   -0.023                  -0.091***   -0.019   
                                  (0.025)     (0.022)                 (0.025)     (0.020)   

24k                                -0.165***   -0.064***               -0.164***   -0.059***
                                  (0.022)     (0.018)                 (0.022)     (0.017)   

FSR                                -0.074**    -0.000                  -0.076**    -0.002   
                                  (0.025)     (0.022)                 (0.024)     (0.020)   

IPS                                -0.010      -0.000                  -0.010       0.002   
                                  (0.028)     (0.022)                 (0.028)     (0.020)   

rep=1 # 14k                                    -0.156***                           -0.154***
                                              (0.044)                             (0.044)   

rep=1 # 24k                                    -0.265***                           -0.275***
                                              (0.042)                             (0.040)   

rep=1 # FSR                                    -0.196***                           -0.188***
                                              (0.042)                             (0.041)   

rep=1 # IPS                                    -0.024                              -0.029   
                                              (0.046)                             (0.045)   

Constant                0.165***    0.314***    0.182***    0.241       1.523       0.774   
                      (0.006)     (0.020)     (0.017)     (0.957)     (1.099)     (0.886)   
--------------------------------------------------------------------------------------------
R$^2$                   0.329       0.270       0.354       0.341       0.281       0.366   
Survey item FE            Yes         Yes         Yes         Yes         Yes         Yes   
Demographic controls        .           .           .         Yes         Yes         Yes   
Items                       9           9           9           9           9           9   
Respondents               794         794         794         793         793         793   
Respondent-items         6,893        6,893        6,893        6,884        6,884        6,884   
--------------------------------------------------------------------------------------------
Standard errors in parentheses
+ p<0.1, * p<0.05, ** p<0.01, *** p<0.001

. 
end of do-file

. 
. log close
      name:  <unnamed>
       log:  D:\partisan-gaps\scripts\Stata\logs/partisan-gaps.txt
  log type:  text
 closed on:  12 Nov 2021, 10:16:38
------------------------------------------------------------------------------------------------------------------------
